#-----------------------------------------------------------
# Vivado v2018.1 (64-bit)
# SW Build 2188600 on Wed Apr  4 18:40:38 MDT 2018
# IP Build 2185939 on Wed Apr  4 20:55:05 MDT 2018
# Start of session at: Sun Mar 24 22:31:49 2019
# Process ID: 12076
# Current directory: C:/Users/PC/Desktop/FinalProjectECE532/handgesture/handgesture.runs/handgesture_mb_microblaze_0_xlconcat_0_synth_1
# Command line: vivado.exe -log handgesture_mb_microblaze_0_xlconcat_0.vds -product Vivado -mode batch -messageDb vivado.pb -notrace -source handgesture_mb_microblaze_0_xlconcat_0.tcl
# Log file: C:/Users/PC/Desktop/FinalProjectECE532/handgesture/handgesture.runs/handgesture_mb_microblaze_0_xlconcat_0_synth_1/handgesture_mb_microblaze_0_xlconcat_0.vds
# Journal file: C:/Users/PC/Desktop/FinalProjectECE532/handgesture/handgesture.runs/handgesture_mb_microblaze_0_xlconcat_0_synth_1\vivado.jou
#-----------------------------------------------------------
source handgesture_mb_microblaze_0_xlconcat_0.tcl -notrace
