Copyright 1986-2018 Xilinx, Inc. All Rights Reserved.
---------------------------------------------------------------------------------------------------
| Tool Version : Vivado v.2018.1 (win64) Build 2188600 Wed Apr  4 18:40:38 MDT 2018
| Date         : Wed Mar 27 17:28:58 2019
| Host         : DESKTOP-T5PLO2M running 64-bit major release  (build 9200)
| Command      : report_control_sets -verbose -file handgesture_mb_wrapper_control_sets_placed.rpt
| Design       : handgesture_mb_wrapper
| Device       : xc7a100t
---------------------------------------------------------------------------------------------------

Control Set Information

Table of Contents
-----------------
1. Summary
2. Histogram
3. Flip-Flop Distribution
4. Detailed Control Set Information

1. Summary
----------

+----------------------------------------------------------+-------+
|                          Status                          | Count |
+----------------------------------------------------------+-------+
| Number of unique control sets                            |   136 |
| Unused register locations in slices containing registers |   318 |
+----------------------------------------------------------+-------+


2. Histogram
------------

+--------+--------------+
| Fanout | Control Sets |
+--------+--------------+
|      1 |            9 |
|      2 |            2 |
|      3 |            1 |
|      4 |           18 |
|      5 |            3 |
|      6 |            8 |
|      7 |            2 |
|      8 |           32 |
|     10 |            4 |
|     11 |            1 |
|     14 |            2 |
|    16+ |           54 |
+--------+--------------+


3. Flip-Flop Distribution
-------------------------

+--------------+-----------------------+------------------------+-----------------+--------------+
| Clock Enable | Synchronous Set/Reset | Asynchronous Set/Reset | Total Registers | Total Slices |
+--------------+-----------------------+------------------------+-----------------+--------------+
| No           | No                    | No                     |            2750 |          790 |
| No           | No                    | Yes                    |              29 |            9 |
| No           | Yes                   | No                     |             562 |          202 |
| Yes          | No                    | No                     |             982 |          226 |
| Yes          | No                    | Yes                    |              15 |            8 |
| Yes          | Yes                   | No                     |            1368 |          364 |
+--------------+-----------------------+------------------------+-----------------+--------------+


4. Detailed Control Set Information
-----------------------------------

+-------------------------------------------------------------------+------------------------------------------------------------------------------------------------------------------------------------------------------------------------------------------------------------------+-------------------------------------------------------------------------------------------------------------------------------------------------------------+------------------+----------------+
|                            Clock Signal                           |                                                                                                   Enable Signal                                                                                                  |                                                                       Set/Reset Signal                                                                      | Slice Load Count | Bel Load Count |
+-------------------------------------------------------------------+------------------------------------------------------------------------------------------------------------------------------------------------------------------------------------------------------------------+-------------------------------------------------------------------------------------------------------------------------------------------------------------+------------------+----------------+
|  handgesture_mb_i/mdm_1/U0/Use_E2.BSCAN_I/Ext_JTAG_UPDATE         | handgesture_mb_i/microblaze_0/U0/MicroBlaze_Core_I/Performance.Core/Use_Debug_Logic.Master_Core.Debug_Perf/Control_Reg_En                                                                                        | handgesture_mb_i/microblaze_0/U0/MicroBlaze_Core_I/Performance.Core/Use_Debug_Logic.Master_Core.Debug_Perf/Serial_Dbg_Intf.normal_stop_cmd_i_reg_n_0        |                1 |              1 |
| ~handgesture_mb_i/mdm_1/U0/Use_E2.BSCAN_I/Ext_JTAG_UPDATE         |                                                                                                                                                                                                                  | handgesture_mb_i/mdm_1/U0/MDM_Core_I1/JTAG_CONTROL_I/sel_n                                                                                                  |                1 |              1 |
|  handgesture_mb_i/mdm_1/U0/Use_E2.BSCAN_I/Ext_JTAG_UPDATE         | handgesture_mb_i/microblaze_0/U0/MicroBlaze_Core_I/Performance.Core/Use_Debug_Logic.Master_Core.Debug_Perf/Control_Reg_En                                                                                        | handgesture_mb_i/microblaze_0/U0/MicroBlaze_Core_I/Performance.Core/Use_Debug_Logic.Master_Core.Debug_Perf/Serial_Dbg_Intf.continue_from_brk_reg_n_0        |                1 |              1 |
|  handgesture_mb_i/mdm_1/U0/Use_E2.BSCAN_I/Ext_JTAG_UPDATE         | handgesture_mb_i/microblaze_0/U0/MicroBlaze_Core_I/Performance.Core/Use_Debug_Logic.Master_Core.Debug_Perf/Control_Reg_En                                                                                        | handgesture_mb_i/microblaze_0/U0/MicroBlaze_Core_I/Performance.Core/Use_Debug_Logic.Master_Core.Debug_Perf/start_single_step_reg_n_0                        |                1 |              1 |
|  handgesture_mb_i/mdm_1/U0/Use_E2.BSCAN_I/Ext_JTAG_UPDATE         | handgesture_mb_i/microblaze_0/U0/MicroBlaze_Core_I/Performance.Core/Use_Debug_Logic.Master_Core.Debug_Perf/Control_Reg_En                                                                                        | handgesture_mb_i/microblaze_0/U0/MicroBlaze_Core_I/Performance.Core/Use_Debug_Logic.Master_Core.Debug_Perf/Performance_Debug_Control.force_stop_cmd_1_reg_0 |                1 |              1 |
|  handgesture_mb_i/clk_wiz_1/inst/clk_out1                         |                                                                                                                                                                                                                  | handgesture_mb_i/microblaze_0/U0/MicroBlaze_Core_I/Performance.Core/Use_Debug_Logic.Master_Core.Debug_Perf/capture_1                                        |                1 |              1 |
| ~handgesture_mb_i/mdm_1/U0/No_Dbg_Reg_Access.BUFG_DRCK/Dbg_Clk_31 | handgesture_mb_i/mdm_1/U0/MDM_Core_I1/JTAG_CONTROL_I/Use_BSCAN.FDC_I/CE                                                                                                                                          | handgesture_mb_i/mdm_1/U0/MDM_Core_I1/JTAG_CONTROL_I/Use_BSCAN.FDC_I/D_1                                                                                    |                1 |              1 |
|  handgesture_mb_i/mdm_1/U0/No_Dbg_Reg_Access.BUFG_DRCK/Dbg_Clk_31 | handgesture_mb_i/mdm_1/U0/Use_E2.BSCAN_I/Dbg_Capture_0                                                                                                                                                           | handgesture_mb_i/mdm_1/U0/MDM_Core_I1/JTAG_CONTROL_I/sel_reset                                                                                              |                1 |              1 |
|  handgesture_mb_i/clk_wiz_1/inst/clk_out1                         | handgesture_mb_i/microblaze_0/U0/MicroBlaze_Core_I/Performance.Core/Decode_I/Use_MuxCy[2].OF_Piperun_Stage/MUXCY_I/lopt_1                                                                                        |                                                                                                                                                             |                1 |              1 |
|  handgesture_mb_i/mdm_1/U0/Use_E2.BSCAN_I/Ext_JTAG_UPDATE         | handgesture_mb_i/microblaze_0/U0/MicroBlaze_Core_I/Performance.Core/Use_Debug_Logic.Master_Core.Debug_Perf/Command_Reg_En                                                                                        | handgesture_mb_i/microblaze_0/U0/MicroBlaze_Core_I/Performance.Core/Use_Debug_Logic.Master_Core.Debug_Perf/command_reg_clear                                |                1 |              2 |
|  handgesture_mb_i/clk_wiz_1/inst/clk_out1                         | handgesture_mb_i/microblaze_0/U0/MicroBlaze_Core_I/Performance.Core/Decode_I/Use_MuxCy[10].OF_Piperun_Stage/MUXCY_I/lopt_1                                                                                       |                                                                                                                                                             |                1 |              2 |
|  handgesture_mb_i/mdm_1/U0/Use_E2.BSCAN_I/Ext_JTAG_UPDATE         |                                                                                                                                                                                                                  |                                                                                                                                                             |                2 |              3 |
|  handgesture_mb_i/clk_wiz_1/inst/clk_out1                         | handgesture_mb_i/bt_uart/U0/AXI_LITE_IPIF_I/I_SLAVE_ATTACHMENT/start2                                                                                                                                            | handgesture_mb_i/bt_uart/U0/AXI_LITE_IPIF_I/I_SLAVE_ATTACHMENT/I_DECODER/cs_ce_clr                                                                          |                1 |              4 |
|  handgesture_mb_i/clk_wiz_1/inst/clk_out1                         | handgesture_mb_i/bt_uart/U0/UARTLITE_CORE_I/BAUD_RATE_I/en_16x_Baud                                                                                                                                              |                                                                                                                                                             |                2 |              4 |
|  handgesture_mb_i/clk_wiz_1/inst/clk_out1                         | handgesture_mb_i/axi_uartlite_0/U0/AXI_LITE_IPIF_I/I_SLAVE_ATTACHMENT/start2                                                                                                                                     | handgesture_mb_i/axi_uartlite_0/U0/AXI_LITE_IPIF_I/I_SLAVE_ATTACHMENT/I_DECODER/cs_ce_clr                                                                   |                1 |              4 |
|  handgesture_mb_i/clk_wiz_1/inst/clk_out1                         |                                                                                                                                                                                                                  | handgesture_mb_i/microblaze_0_axi_intc/U0/AXI_LITE_IPIF_I/I_SLAVE_ATTACHMENT/clear                                                                          |                1 |              4 |
|  handgesture_mb_i/clk_wiz_1/inst/clk_out1                         | handgesture_mb_i/gpio_led/U0/AXI_LITE_IPIF_I/I_SLAVE_ATTACHMENT/start2                                                                                                                                           | handgesture_mb_i/gpio_led/U0/AXI_LITE_IPIF_I/I_SLAVE_ATTACHMENT/I_DECODER/cs_ce_clr                                                                         |                1 |              4 |
|  handgesture_mb_i/clk_wiz_1/inst/clk_out1                         |                                                                                                                                                                                                                  | handgesture_mb_i/microblaze_0/U0/MicroBlaze_Core_I/Performance.Core/Decode_I/flush_pipe                                                                     |                2 |              4 |
|  handgesture_mb_i/clk_wiz_1/inst/clk_out1                         | handgesture_mb_i/gpio_led/U0/AXI_LITE_IPIF_I/I_SLAVE_ATTACHMENT/bus2ip_addr_i[8]_i_1_n_0                                                                                                                         | handgesture_mb_i/gpio_led/U0/AXI_LITE_IPIF_I/I_SLAVE_ATTACHMENT/SR[0]                                                                                       |                1 |              4 |
|  handgesture_mb_i/clk_wiz_1/inst/clk_out1                         | handgesture_mb_i/myip_slave2_0/inst/myip_slave2_v1_0_S00_AXI_inst/udut/gyro_spi_master/ADDRESS[7]_i_1_n_0                                                                                                        | handgesture_mb_i/myip_slave2_0/inst/myip_slave2_v1_0_S00_AXI_inst/resetter1/reset                                                                           |                1 |              4 |
|  handgesture_mb_i/mdm_1/U0/Use_E2.BSCAN_I/Ext_JTAG_UPDATE         | handgesture_mb_i/mdm_1/U0/MDM_Core_I1/MDM_SEL                                                                                                                                                                    | handgesture_mb_i/mdm_1/U0/Use_E2.BSCAN_I/AR[0]                                                                                                              |                1 |              4 |
|  handgesture_mb_i/clk_wiz_1/inst/clk_out1                         | handgesture_mb_i/gpio_switch/U0/AXI_LITE_IPIF_I/I_SLAVE_ATTACHMENT/bus2ip_addr_i[8]_i_1_n_0                                                                                                                      | handgesture_mb_i/gpio_switch/U0/AXI_LITE_IPIF_I/I_SLAVE_ATTACHMENT/SR[0]                                                                                    |                1 |              4 |
|  handgesture_mb_i/clk_wiz_1/inst/clk_out1                         | handgesture_mb_i/gpio_switch/U0/AXI_LITE_IPIF_I/I_SLAVE_ATTACHMENT/start2                                                                                                                                        | handgesture_mb_i/gpio_switch/U0/AXI_LITE_IPIF_I/I_SLAVE_ATTACHMENT/I_DECODER/cs_ce_clr                                                                      |                1 |              4 |
|  handgesture_mb_i/mdm_1/U0/No_Dbg_Reg_Access.BUFG_DRCK/Dbg_Clk_31 | handgesture_mb_i/mdm_1/U0/MDM_Core_I1/p_0_out                                                                                                                                                                    | handgesture_mb_i/mdm_1/U0/Use_E2.BSCAN_I/AR[0]                                                                                                              |                1 |              4 |
| ~handgesture_mb_i/mdm_1/U0/Use_E2.BSCAN_I/Ext_JTAG_UPDATE         |                                                                                                                                                                                                                  | handgesture_mb_i/mdm_1/U0/Use_E2.BSCAN_I/AR[0]                                                                                                              |                1 |              4 |
|  handgesture_mb_i/clk_wiz_1/inst/clk_out1                         |                                                                                                                                                                                                                  | handgesture_mb_i/gpio_led/U0/AXI_LITE_IPIF_I/I_SLAVE_ATTACHMENT/clear                                                                                       |                1 |              4 |
|  handgesture_mb_i/clk_wiz_1/inst/clk_out1                         | handgesture_mb_i/axi_uartlite_0/U0/UARTLITE_CORE_I/BAUD_RATE_I/en_16x_Baud                                                                                                                                       |                                                                                                                                                             |                4 |              4 |
|  handgesture_mb_i/clk_wiz_1/inst/clk_out1                         | handgesture_mb_i/myip_slave2_0/inst/myip_slave2_v1_0_S00_AXI_inst/udut/gyro_spi_master/STATE                                                                                                                     | handgesture_mb_i/myip_slave2_0/inst/myip_slave2_v1_0_S00_AXI_inst/resetter1/reset                                                                           |                1 |              4 |
|  handgesture_mb_i/clk_wiz_1/inst/clk_out1                         |                                                                                                                                                                                                                  | handgesture_mb_i/gpio_switch/U0/AXI_LITE_IPIF_I/I_SLAVE_ATTACHMENT/clear                                                                                    |                1 |              4 |
|  handgesture_mb_i/clk_wiz_1/inst/clk_out1                         | handgesture_mb_i/myip_slave2_0/inst/myip_slave2_v1_0_S00_AXI_inst/udut/gyro_spi_interface/rx_count[3]_i_2_n_0                                                                                                    | handgesture_mb_i/myip_slave2_0/inst/myip_slave2_v1_0_S00_AXI_inst/udut/gyro_spi_interface/rx_count[3]_i_1_n_0                                               |                1 |              4 |
|  handgesture_mb_i/clk_wiz_1/inst/clk_out1                         |                                                                                                                                                                                                                  | handgesture_mb_i/rst_clk_wiz_1_100M/U0/EXT_LPF/lpf_int                                                                                                      |                2 |              5 |
|  handgesture_mb_i/clk_wiz_1/inst/clk_out1                         | handgesture_mb_i/microblaze_0/U0/MicroBlaze_Core_I/Performance.Core/Decode_I/wb_Halted                                                                                                                           | handgesture_mb_i/microblaze_0/U0/MicroBlaze_Core_I/sync_reset                                                                                               |                2 |              5 |
|  handgesture_mb_i/mdm_1/U0/Use_E2.BSCAN_I/Ext_JTAG_UPDATE         | handgesture_mb_i/microblaze_0/U0/MicroBlaze_Core_I/Performance.Core/Use_Debug_Logic.Master_Core.Debug_Perf/Control_Reg_En                                                                                        |                                                                                                                                                             |                1 |              5 |
|  handgesture_mb_i/mdm_1/U0/No_Dbg_Reg_Access.BUFG_DRCK/Dbg_Clk_31 | handgesture_mb_i/mdm_1/U0/MDM_Core_I1/JTAG_CONTROL_I/Use_BSCAN.FDC_I/Use_Serial_Unified_Completion.sample_1_reg[10][0]                                                                                           |                                                                                                                                                             |                2 |              6 |
|  handgesture_mb_i/clk_wiz_1/inst/clk_out1                         |                                                                                                                                                                                                                  | handgesture_mb_i/axi_uartlite_0/U0/UARTLITE_CORE_I/UARTLITE_RX_I/SRL_FIFO_I/I_SRL_FIFO_RBU_F/CNTR_INCR_DECR_ADDN_F_I/SS[0]                                  |                2 |              6 |
|  handgesture_mb_i/clk_wiz_1/inst/clk_out1                         |                                                                                                                                                                                                                  | handgesture_mb_i/bt_uart/U0/UARTLITE_CORE_I/UARTLITE_RX_I/SRL_FIFO_I/I_SRL_FIFO_RBU_F/CNTR_INCR_DECR_ADDN_F_I/SS[0]                                         |                2 |              6 |
|  handgesture_mb_i/clk_wiz_1/inst/clk_out1                         |                                                                                                                                                                                                                  | handgesture_mb_i/axi_uartlite_0/U0/UARTLITE_CORE_I/UARTLITE_TX_I/SRL_FIFO_I/I_SRL_FIFO_RBU_F/CNTR_INCR_DECR_ADDN_F_I/SS[0]                                  |                3 |              6 |
|  handgesture_mb_i/clk_wiz_1/inst/clk_out1                         |                                                                                                                                                                                                                  | handgesture_mb_i/bt_uart/U0/UARTLITE_CORE_I/UARTLITE_TX_I/SRL_FIFO_I/I_SRL_FIFO_RBU_F/CNTR_INCR_DECR_ADDN_F_I/SS[0]                                         |                2 |              6 |
|  handgesture_mb_i/mdm_1/U0/No_Dbg_Reg_Access.BUFG_DRCK/Dbg_Clk_31 | handgesture_mb_i/mdm_1/U0/Use_E2.BSCAN_I/E[0]                                                                                                                                                                    |                                                                                                                                                             |                2 |              6 |
|  handgesture_mb_i/mdm_1/U0/No_Dbg_Reg_Access.BUFG_DRCK/Dbg_Clk_31 | handgesture_mb_i/mdm_1/U0/Use_E2.BSCAN_I/Use_Serial_Unified_Completion.count_reg[5]_0[0]                                                                                                                         |                                                                                                                                                             |                2 |              6 |
|  handgesture_mb_i/clk_wiz_1/inst/clk_out1                         | handgesture_mb_i/rst_clk_wiz_1_100M/U0/SEQ/seq_cnt_en                                                                                                                                                            | handgesture_mb_i/rst_clk_wiz_1_100M/U0/SEQ/SEQ_COUNTER/clear                                                                                                |                1 |              6 |
|  handgesture_mb_i/clk_wiz_1/inst/clk_out1                         | handgesture_mb_i/bt_uart/U0/UARTLITE_CORE_I/BAUD_RATE_I/en_16x_Baud                                                                                                                                              | handgesture_mb_i/bt_uart/U0/UARTLITE_CORE_I/UARTLITE_RX_I/SERIAL_TO_PARALLEL[8].fifo_din[8]_i_1_n_0                                                         |                2 |              7 |
|  handgesture_mb_i/clk_wiz_1/inst/clk_out1                         | handgesture_mb_i/axi_uartlite_0/U0/UARTLITE_CORE_I/BAUD_RATE_I/en_16x_Baud                                                                                                                                       | handgesture_mb_i/axi_uartlite_0/U0/UARTLITE_CORE_I/UARTLITE_RX_I/SERIAL_TO_PARALLEL[8].fifo_din[8]_i_1_n_0                                                  |                2 |              7 |
| ~handgesture_mb_i/mdm_1/U0/Use_E2.BSCAN_I/Ext_JTAG_UPDATE         | handgesture_mb_i/mdm_1/U0/MDM_Core_I1/JTAG_CONTROL_I/Use_BSCAN.command[0]_i_1_n_0                                                                                                                                |                                                                                                                                                             |                2 |              8 |
|  handgesture_mb_i/clk_wiz_1/inst/clk_out1                         | handgesture_mb_i/bt_uart/U0/UARTLITE_CORE_I/UARTLITE_RX_I/SRL_FIFO_I/I_SRL_FIFO_RBU_F/DYNSHREG_F_I/fifo_wr                                                                                                       |                                                                                                                                                             |                1 |              8 |
|  handgesture_mb_i/clk_wiz_1/inst/clk_out1                         | handgesture_mb_i/bt_uart/U0/AXI_LITE_IPIF_I/I_SLAVE_ATTACHMENT/s_axi_rresp_i                                                                                                                                     | handgesture_mb_i/bt_uart/U0/AXI_LITE_IPIF_I/I_SLAVE_ATTACHMENT/rst                                                                                          |                3 |              8 |
|  handgesture_mb_i/clk_wiz_1/inst/clk_out1                         | handgesture_mb_i/myip_slave2_0/inst/myip_slave2_v1_0_S00_AXI_inst/udut/gyro_spi_master/send_data[7]_i_1_n_0                                                                                                      | handgesture_mb_i/myip_slave2_0/inst/myip_slave2_v1_0_S00_AXI_inst/resetter1/reset                                                                           |                2 |              8 |
|  handgesture_mb_i/clk_wiz_1/inst/clk_out1                         | handgesture_mb_i/myip_slave2_0/inst/myip_slave2_v1_0_S00_AXI_inst/udut/gyro_spi_master/axis_data[31]                                                                                                             | handgesture_mb_i/myip_slave2_0/inst/myip_slave2_v1_0_S00_AXI_inst/resetter1/reset                                                                           |                1 |              8 |
|  handgesture_mb_i/clk_wiz_1/inst/clk_out1                         | handgesture_mb_i/myip_slave2_0/inst/myip_slave2_v1_0_S00_AXI_inst/udut/gyro_spi_master/axis_data[47]                                                                                                             | handgesture_mb_i/myip_slave2_0/inst/myip_slave2_v1_0_S00_AXI_inst/resetter1/reset                                                                           |                1 |              8 |
|  handgesture_mb_i/mdm_1/U0/Use_E2.BSCAN_I/Ext_JTAG_UPDATE         | handgesture_mb_i/mdm_1/U0/MDM_Core_I1/JTAG_CONTROL_I/Use_BSCAN.FDC_I/command_1_reg[7]_0[0]                                                                                                                       |                                                                                                                                                             |                1 |              8 |
|  handgesture_mb_i/clk_wiz_1/inst/clk_out1                         | handgesture_mb_i/myip_slave2_0/inst/myip_slave2_v1_0_S00_AXI_inst/udut/gyro_spi_master/axis_data[7]                                                                                                              | handgesture_mb_i/myip_slave2_0/inst/myip_slave2_v1_0_S00_AXI_inst/resetter1/reset                                                                           |                1 |              8 |
|  handgesture_mb_i/clk_wiz_1/inst/clk_out1                         | handgesture_mb_i/myip_slave2_0/inst/myip_slave2_v1_0_S00_AXI_inst/udut/gyro_spi_master/axis_data[23]                                                                                                             | handgesture_mb_i/myip_slave2_0/inst/myip_slave2_v1_0_S00_AXI_inst/resetter1/reset                                                                           |                1 |              8 |
|  handgesture_mb_i/clk_wiz_1/inst/clk_out1                         | handgesture_mb_i/myip_slave2_0/inst/myip_slave2_v1_0_S00_AXI_inst/udut/gyro_spi_master/axis_data[15]                                                                                                             | handgesture_mb_i/myip_slave2_0/inst/myip_slave2_v1_0_S00_AXI_inst/resetter1/reset                                                                           |                1 |              8 |
|  handgesture_mb_i/clk_wiz_1/inst/clk_out1                         | handgesture_mb_i/myip_slave2_0/inst/myip_slave2_v1_0_S00_AXI_inst/udut/gyro_spi_master/axis_data[39]                                                                                                             | handgesture_mb_i/myip_slave2_0/inst/myip_slave2_v1_0_S00_AXI_inst/resetter1/reset                                                                           |                1 |              8 |
|  handgesture_mb_i/clk_wiz_1/inst/clk_out1                         | handgesture_mb_i/myip_slave2_0/inst/myip_slave2_v1_0_S00_AXI_inst/slv_reg0[31]_i_1_n_0                                                                                                                           | handgesture_mb_i/myip_slave2_0/inst/axi_awready_i_1_n_0                                                                                                     |                2 |              8 |
|  handgesture_mb_i/clk_wiz_1/inst/clk_out1                         | handgesture_mb_i/myip_slave2_0/inst/myip_slave2_v1_0_S00_AXI_inst/udut/gyro_spi_interface/shift_register[7]_i_1_n_0                                                                                              | handgesture_mb_i/myip_slave2_0/inst/myip_slave2_v1_0_S00_AXI_inst/resetter1/reset                                                                           |                2 |              8 |
|  handgesture_mb_i/clk_wiz_1/inst/clk_out1                         | handgesture_mb_i/myip_slave2_0/inst/myip_slave2_v1_0_S00_AXI_inst/p_1_in[15]                                                                                                                                     | handgesture_mb_i/myip_slave2_0/inst/axi_awready_i_1_n_0                                                                                                     |                2 |              8 |
|  handgesture_mb_i/clk_wiz_1/inst/clk_out1                         | handgesture_mb_i/myip_slave2_0/inst/myip_slave2_v1_0_S00_AXI_inst/p_1_in[23]                                                                                                                                     | handgesture_mb_i/myip_slave2_0/inst/axi_awready_i_1_n_0                                                                                                     |                1 |              8 |
|  handgesture_mb_i/clk_wiz_1/inst/clk_out1                         | handgesture_mb_i/axi_uartlite_0/U0/AXI_LITE_IPIF_I/I_SLAVE_ATTACHMENT/I_DECODER/fifo_wr                                                                                                                          |                                                                                                                                                             |                1 |              8 |
|  handgesture_mb_i/clk_wiz_1/inst/clk_out1                         | handgesture_mb_i/axi_uartlite_0/U0/AXI_LITE_IPIF_I/I_SLAVE_ATTACHMENT/s_axi_rresp_i                                                                                                                              | handgesture_mb_i/axi_uartlite_0/U0/AXI_LITE_IPIF_I/I_SLAVE_ATTACHMENT/rst                                                                                   |                2 |              8 |
|  handgesture_mb_i/clk_wiz_1/inst/clk_out1                         | handgesture_mb_i/myip_slave2_0/inst/myip_slave2_v1_0_S00_AXI_inst/p_1_in[7]                                                                                                                                      | handgesture_mb_i/myip_slave2_0/inst/axi_awready_i_1_n_0                                                                                                     |                1 |              8 |
|  handgesture_mb_i/clk_wiz_1/inst/clk_out1                         | handgesture_mb_i/axi_uartlite_0/U0/UARTLITE_CORE_I/UARTLITE_RX_I/SRL_FIFO_I/I_SRL_FIFO_RBU_F/DYNSHREG_F_I/fifo_wr                                                                                                |                                                                                                                                                             |                1 |              8 |
|  handgesture_mb_i/clk_wiz_1/inst/clk_out1                         | handgesture_mb_i/myip_slave2_0/inst/myip_slave2_v1_0_S00_AXI_inst/slv_reg0[15]_i_1_n_0                                                                                                                           | handgesture_mb_i/myip_slave2_0/inst/axi_awready_i_1_n_0                                                                                                     |                3 |              8 |
|  handgesture_mb_i/clk_wiz_1/inst/clk_out1                         | handgesture_mb_i/bt_uart/U0/AXI_LITE_IPIF_I/I_SLAVE_ATTACHMENT/I_DECODER/fifo_wr                                                                                                                                 |                                                                                                                                                             |                1 |              8 |
|  handgesture_mb_i/clk_wiz_1/inst/clk_out1                         | handgesture_mb_i/myip_slave2_0/inst/myip_slave2_v1_0_S00_AXI_inst/p_1_in[31]                                                                                                                                     | handgesture_mb_i/myip_slave2_0/inst/axi_awready_i_1_n_0                                                                                                     |                2 |              8 |
|  handgesture_mb_i/mdm_1/U0/No_Dbg_Reg_Access.BUFG_DRCK/Dbg_Clk_31 | handgesture_mb_i/mdm_1/U0/MDM_Core_I1/JTAG_CONTROL_I/tdi_shifter0                                                                                                                                                |                                                                                                                                                             |                3 |              8 |
|  handgesture_mb_i/clk_wiz_1/inst/clk_out1                         | handgesture_mb_i/myip_slave2_0/inst/myip_slave2_v1_0_S00_AXI_inst/slv_reg2[23]_i_1_n_0                                                                                                                           | handgesture_mb_i/myip_slave2_0/inst/axi_awready_i_1_n_0                                                                                                     |                2 |              8 |
|  handgesture_mb_i/mdm_1/U0/No_Dbg_Reg_Access.BUFG_DRCK/Dbg_Clk_31 | handgesture_mb_i/microblaze_0/U0/MicroBlaze_Core_I/Performance.Core/Use_Debug_Logic.Master_Core.Debug_Perf/Using_PC_Breakpoints.All_PC_Brks[0].Serial_Interface_1.address_hit_I/Compare[0].SRLC16E_I/which_pc__0 |                                                                                                                                                             |                7 |              8 |
|  handgesture_mb_i/clk_wiz_1/inst/clk_out1                         | handgesture_mb_i/myip_slave2_0/inst/myip_slave2_v1_0_S00_AXI_inst/udut/gyro_spi_interface/recieved_data[7]_i_1_n_0                                                                                               | handgesture_mb_i/myip_slave2_0/inst/myip_slave2_v1_0_S00_AXI_inst/resetter1/reset                                                                           |                1 |              8 |
|  handgesture_mb_i/clk_wiz_1/inst/clk_out1                         | handgesture_mb_i/myip_slave2_0/inst/myip_slave2_v1_0_S00_AXI_inst/slv_reg0[7]_i_1_n_0                                                                                                                            | handgesture_mb_i/myip_slave2_0/inst/axi_awready_i_1_n_0                                                                                                     |                1 |              8 |
|  handgesture_mb_i/clk_wiz_1/inst/clk_out1                         | handgesture_mb_i/myip_slave2_0/inst/myip_slave2_v1_0_S00_AXI_inst/slv_reg0[23]_i_1_n_0                                                                                                                           | handgesture_mb_i/myip_slave2_0/inst/axi_awready_i_1_n_0                                                                                                     |                1 |              8 |
|  handgesture_mb_i/clk_wiz_1/inst/clk_out1                         | handgesture_mb_i/myip_slave2_0/inst/myip_slave2_v1_0_S00_AXI_inst/slv_reg2[31]_i_1_n_0                                                                                                                           | handgesture_mb_i/myip_slave2_0/inst/axi_awready_i_1_n_0                                                                                                     |                2 |              8 |
|  handgesture_mb_i/clk_wiz_1/inst/clk_out1                         | handgesture_mb_i/myip_slave2_0/inst/myip_slave2_v1_0_S00_AXI_inst/slv_reg2[7]_i_1_n_0                                                                                                                            | handgesture_mb_i/myip_slave2_0/inst/axi_awready_i_1_n_0                                                                                                     |                1 |              8 |
|  handgesture_mb_i/clk_wiz_1/inst/clk_out1                         | handgesture_mb_i/myip_slave2_0/inst/myip_slave2_v1_0_S00_AXI_inst/slv_reg2[15]_i_1_n_0                                                                                                                           | handgesture_mb_i/myip_slave2_0/inst/axi_awready_i_1_n_0                                                                                                     |                2 |              8 |
|  handgesture_mb_i/clk_wiz_1/inst/clk_out1                         | handgesture_mb_i/microblaze_0_axi_intc/U0/AXI_LITE_IPIF_I/I_SLAVE_ATTACHMENT/bus2ip_addr_i[8]_i_1_n_0                                                                                                            | handgesture_mb_i/microblaze_0_axi_intc/U0/AXI_LITE_IPIF_I/I_SLAVE_ATTACHMENT/rst                                                                            |                2 |              8 |
|  handgesture_mb_i/clk_wiz_1/inst/clk_out1                         |                                                                                                                                                                                                                  | handgesture_mb_i/bt_uart/U0/AXI_LITE_IPIF_I/I_SLAVE_ATTACHMENT/rst                                                                                          |                4 |             10 |
|  handgesture_mb_i/clk_wiz_1/inst/clk_out1                         |                                                                                                                                                                                                                  | handgesture_mb_i/axi_uartlite_0/U0/AXI_LITE_IPIF_I/I_SLAVE_ATTACHMENT/rst                                                                                   |                5 |             10 |
|  handgesture_mb_i/mdm_1/U0/No_Dbg_Reg_Access.BUFG_DRCK/Dbg_Clk_31 | handgesture_mb_i/mdm_1/U0/MDM_Core_I1/JTAG_CONTROL_I/Use_BSCAN.FDC_I/E[0]                                                                                                                                        |                                                                                                                                                             |                5 |             10 |
|  handgesture_mb_i/clk_wiz_1/inst/clk_out1                         |                                                                                                                                                                                                                  | handgesture_mb_i/myip_slave2_0/inst/axi_awready_i_1_n_0                                                                                                     |                4 |             10 |
|  handgesture_mb_i/clk_wiz_1/inst/clk_out1                         |                                                                                                                                                                                                                  | handgesture_mb_i/microblaze_0_axi_intc/U0/AXI_LITE_IPIF_I/I_SLAVE_ATTACHMENT/rst                                                                            |                4 |             11 |
|  handgesture_mb_i/clk_wiz_1/inst/clk_out1                         |                                                                                                                                                                                                                  | handgesture_mb_i/myip_slave2_0/inst/myip_slave2_v1_0_S00_AXI_inst/resetter1/SR[0]                                                                           |                4 |             14 |
|  handgesture_mb_i/clk_wiz_1/inst/clk_out1                         |                                                                                                                                                                                                                  | handgesture_mb_i/microblaze_0_axi_periph/xbar/inst/gen_sasd.crossbar_sasd_0/addr_arbiter_inst/SR[0]                                                         |                5 |             14 |
|  handgesture_mb_i/clk_wiz_1/inst/clk_out1                         | handgesture_mb_i/myip_slave2_0/inst/myip_slave2_v1_0_S00_AXI_inst/cordic_counter_z/output_number2[0]_i_1__1_n_0                                                                                                  | handgesture_mb_i/myip_slave2_0/inst/myip_slave2_v1_0_S00_AXI_inst/resetter1/reset                                                                           |                4 |             16 |
|  handgesture_mb_i/clk_wiz_1/inst/clk_out1                         | handgesture_mb_i/myip_slave2_0/inst/myip_slave2_v1_0_S00_AXI_inst/integrator_z/output_sum_reg[0]_0                                                                                                               | handgesture_mb_i/myip_slave2_0/inst/myip_slave2_v1_0_S00_AXI_inst/resetter1/reset                                                                           |                4 |             16 |
|  handgesture_mb_i/clk_wiz_1/inst/clk_out1                         | handgesture_mb_i/myip_slave2_0/inst/myip_slave2_v1_0_S00_AXI_inst/cordic_counter_x/output_number1[0]_i_1_n_0                                                                                                     | handgesture_mb_i/myip_slave2_0/inst/myip_slave2_v1_0_S00_AXI_inst/resetter1/reset                                                                           |                4 |             16 |
|  handgesture_mb_i/clk_wiz_1/inst/clk_out1                         | handgesture_mb_i/myip_slave2_0/inst/myip_slave2_v1_0_S00_AXI_inst/cordic_counter_z/output_number1[0]_i_1__1_n_0                                                                                                  | handgesture_mb_i/myip_slave2_0/inst/myip_slave2_v1_0_S00_AXI_inst/resetter1/reset                                                                           |                4 |             16 |
|  handgesture_mb_i/clk_wiz_1/inst/clk_out1                         | handgesture_mb_i/myip_slave2_0/inst/myip_slave2_v1_0_S00_AXI_inst/cordic_counter_y/output_number1[0]_i_1__0_n_0                                                                                                  | handgesture_mb_i/myip_slave2_0/inst/myip_slave2_v1_0_S00_AXI_inst/resetter1/reset                                                                           |                4 |             16 |
|  handgesture_mb_i/clk_wiz_1/inst/clk_out1                         | handgesture_mb_i/myip_slave2_0/inst/myip_slave2_v1_0_S00_AXI_inst/integrator_y/output_sum_reg[0]_0                                                                                                               | handgesture_mb_i/myip_slave2_0/inst/myip_slave2_v1_0_S00_AXI_inst/resetter1/reset                                                                           |                4 |             16 |
|  handgesture_mb_i/clk_wiz_1/inst/clk_out1                         | handgesture_mb_i/myip_slave2_0/inst/myip_slave2_v1_0_S00_AXI_inst/integrator_x/output_sum_reg[0]_0                                                                                                               | handgesture_mb_i/myip_slave2_0/inst/myip_slave2_v1_0_S00_AXI_inst/resetter1/reset                                                                           |                4 |             16 |
|  handgesture_mb_i/clk_wiz_1/inst/clk_out1                         | handgesture_mb_i/myip_slave2_0/inst/myip_slave2_v1_0_S00_AXI_inst/cordic_counter_x/output_number2[0]_i_1_n_0                                                                                                     | handgesture_mb_i/myip_slave2_0/inst/myip_slave2_v1_0_S00_AXI_inst/resetter1/reset                                                                           |                4 |             16 |
|  handgesture_mb_i/clk_wiz_1/inst/clk_out1                         | handgesture_mb_i/microblaze_0/U0/MicroBlaze_Core_I/Performance.Core/Decode_I/PreFetch_Buffer_I1/Instruction_Prefetch_Mux[4].Gen_Instr_DFF/E[0]                                                                   | handgesture_mb_i/microblaze_0/U0/MicroBlaze_Core_I/sync_reset                                                                                               |                5 |             16 |
|  handgesture_mb_i/clk_wiz_1/inst/clk_out1                         | handgesture_mb_i/myip_slave2_0/inst/myip_slave2_v1_0_S00_AXI_inst/cordic_counter_y/output_number2[0]_i_1__0_n_0                                                                                                  | handgesture_mb_i/myip_slave2_0/inst/myip_slave2_v1_0_S00_AXI_inst/resetter1/reset                                                                           |                4 |             16 |
|  handgesture_mb_i/clk_wiz_1/inst/clk_out1                         | handgesture_mb_i/microblaze_0_axi_intc/U0/AXI_LITE_IPIF_I/I_SLAVE_ATTACHMENT/start2                                                                                                                              | handgesture_mb_i/microblaze_0_axi_intc/U0/AXI_LITE_IPIF_I/I_SLAVE_ATTACHMENT/I_DECODER/cs_ce_clr                                                            |                5 |             17 |
|  handgesture_mb_i/clk_wiz_1/inst/clk_out1                         |                                                                                                                                                                                                                  | handgesture_mb_i/gpio_led/U0/AXI_LITE_IPIF_I/I_SLAVE_ATTACHMENT/SR[0]                                                                                       |                6 |             20 |
|  handgesture_mb_i/clk_wiz_1/inst/clk_out1                         |                                                                                                                                                                                                                  | handgesture_mb_i/gpio_switch/U0/AXI_LITE_IPIF_I/I_SLAVE_ATTACHMENT/SR[0]                                                                                    |                7 |             20 |
|  handgesture_mb_i/clk_wiz_1/inst/clk_out1                         | handgesture_mb_i/microblaze_0/U0/MicroBlaze_Core_I/Performance.Core/mem_databus_ready_sel_carry_or/MUXCY_I/lopt_4                                                                                                | handgesture_mb_i/microblaze_0/U0/MicroBlaze_Core_I/sync_reset                                                                                               |                6 |             21 |
|  handgesture_mb_i/mdm_1/U0/No_Dbg_Reg_Access.BUFG_DRCK/Dbg_Clk_31 |                                                                                                                                                                                                                  | handgesture_mb_i/mdm_1/U0/Use_E2.BSCAN_I/shift_n_reset                                                                                                      |                6 |             23 |
|  handgesture_mb_i/clk_wiz_1/inst/clk_out1                         | handgesture_mb_i/microblaze_0_axi_periph/xbar/inst/gen_sasd.crossbar_sasd_0/addr_arbiter_inst/p_0_in1_in                                                                                                         | handgesture_mb_i/microblaze_0_axi_periph/xbar/inst/gen_sasd.crossbar_sasd_0/addr_arbiter_inst/SR[0]                                                         |                5 |             23 |
|  handgesture_mb_i/clk_wiz_1/inst/clk_out1                         |                                                                                                                                                                                                                  | handgesture_mb_i/bt_uart/U0/UARTLITE_CORE_I/UARTLITE_RX_I/SR[0]                                                                                             |                9 |             27 |
|  handgesture_mb_i/clk_wiz_1/inst/clk_out1                         |                                                                                                                                                                                                                  | handgesture_mb_i/axi_uartlite_0/U0/UARTLITE_CORE_I/UARTLITE_RX_I/SR[0]                                                                                      |               12 |             27 |
|  handgesture_mb_i/clk_wiz_1/inst/clk_out1                         |                                                                                                                                                                                                                  | handgesture_mb_i/microblaze_0_axi_intc/U0/INTC_CORE_I/SR[0]                                                                                                 |                8 |             28 |
|  handgesture_mb_i/clk_wiz_1/inst/clk_out1                         | handgesture_mb_i/axi_uartlite_0/U0/UARTLITE_CORE_I/BAUD_RATE_I/en_16x_Baud                                                                                                                                       | handgesture_mb_i/axi_uartlite_0/U0/UARTLITE_CORE_I/UARTLITE_RX_I/SR[0]                                                                                      |                6 |             28 |
|  handgesture_mb_i/clk_wiz_1/inst/clk_out1                         | handgesture_mb_i/bt_uart/U0/UARTLITE_CORE_I/BAUD_RATE_I/en_16x_Baud                                                                                                                                              | handgesture_mb_i/bt_uart/U0/UARTLITE_CORE_I/UARTLITE_RX_I/SR[0]                                                                                             |                7 |             28 |
|  handgesture_mb_i/clk_wiz_1/inst/clk_out1                         |                                                                                                                                                                                                                  | BTNC_0_IBUF                                                                                                                                                 |                6 |             29 |
|  handgesture_mb_i/clk_wiz_1/inst/clk_out1                         |                                                                                                                                                                                                                  | handgesture_mb_i/microblaze_0/U0/MicroBlaze_Core_I/Performance.Core/p_1_out                                                                                 |                7 |             32 |
|  handgesture_mb_i/clk_wiz_1/inst/clk_out1                         | handgesture_mb_i/microblaze_0/U0/MicroBlaze_Core_I/Performance.Core/mem_databus_ready_sel_carry_or/MUXCY_I/lopt_4                                                                                                | handgesture_mb_i/microblaze_0/U0/MicroBlaze_Core_I/Performance.Core/Decode_I/SR[0]                                                                          |                8 |             32 |
|  handgesture_mb_i/clk_wiz_1/inst/clk_out1                         | handgesture_mb_i/microblaze_0_axi_intc/U0/AXI_LITE_IPIF_I/I_SLAVE_ATTACHMENT/s_axi_rresp_i                                                                                                                       | handgesture_mb_i/microblaze_0_axi_intc/U0/AXI_LITE_IPIF_I/I_SLAVE_ATTACHMENT/rst                                                                            |                8 |             32 |
|  handgesture_mb_i/clk_wiz_1/inst/clk_out1                         | handgesture_mb_i/myip_slave2_0/inst/myip_slave2_v1_0_S00_AXI_inst/slv_reg_rden                                                                                                                                   | handgesture_mb_i/myip_slave2_0/inst/axi_awready_i_1_n_0                                                                                                     |               12 |             32 |
|  handgesture_mb_i/mdm_1/U0/No_Dbg_Reg_Access.BUFG_DRCK/Dbg_Clk_31 | handgesture_mb_i/microblaze_0/U0/MicroBlaze_Core_I/Performance.Core/Use_Debug_Logic.Master_Core.Debug_Perf/New_Dbg_Instr_TCK                                                                                     |                                                                                                                                                             |                8 |             32 |
|  handgesture_mb_i/clk_wiz_1/inst/clk_out1                         | handgesture_mb_i/microblaze_0/U0/MicroBlaze_Core_I/Performance.Core/Decode_I/PreFetch_Buffer_I1/Gen_Mux_Select_LUT6[2].Gen_Sel_DFF/if_pc_reg[0][0]                                                               | handgesture_mb_i/microblaze_0/U0/MicroBlaze_Core_I/sync_reset                                                                                               |                8 |             32 |
|  handgesture_mb_i/clk_wiz_1/inst/clk_out1                         | handgesture_mb_i/microblaze_0/U0/MicroBlaze_Core_I/Performance.Core/Decode_I/Use_MuxCy[3].OF_Piperun_Stage/MUXCY_I/E[0]                                                                                          | handgesture_mb_i/microblaze_0/U0/MicroBlaze_Core_I/sync_reset                                                                                               |                4 |             32 |
|  handgesture_mb_i/clk_wiz_1/inst/clk_out1                         | handgesture_mb_i/microblaze_0_axi_periph/xbar/inst/gen_sasd.crossbar_sasd_0/addr_arbiter_inst/s_axi_rvalid[0]                                                                                                    | handgesture_mb_i/microblaze_0/U0/MicroBlaze_Core_I/sync_reset                                                                                               |               10 |             32 |
|  handgesture_mb_i/clk_wiz_1/inst/clk_out1                         | handgesture_mb_i/microblaze_0/U0/MicroBlaze_Core_I/Performance.Core/Use_Debug_Logic.Master_Core.Debug_Perf/data_rd_reg[0]_i_1_n_0                                                                                | handgesture_mb_i/microblaze_0/U0/MicroBlaze_Core_I/sync_reset                                                                                               |               10 |             32 |
|  handgesture_mb_i/clk_wiz_1/inst/clk_out1                         | handgesture_mb_i/microblaze_0_axi_intc/U0/INTC_CORE_I/irq                                                                                                                                                        |                                                                                                                                                             |                8 |             32 |
|  handgesture_mb_i/clk_wiz_1/inst/clk_out1                         | handgesture_mb_i/microblaze_0/U0/MicroBlaze_Core_I/Performance.Core/Decode_I/Use_MuxCy[2].OF_Piperun_Stage/MUXCY_I/lopt_1                                                                                        | handgesture_mb_i/microblaze_0/U0/MicroBlaze_Core_I/Performance.Core/Decode_I/R                                                                              |               13 |             32 |
|  handgesture_mb_i/clk_wiz_1/inst/clk_out1                         | handgesture_mb_i/microblaze_0_axi_periph/xbar/inst/gen_sasd.crossbar_sasd_0/reg_slice_r/aa_rready                                                                                                                |                                                                                                                                                             |                7 |             32 |
|  handgesture_mb_i/clk_wiz_1/inst/clk_out1                         | handgesture_mb_i/microblaze_0_axi_periph/xbar/inst/gen_sasd.crossbar_sasd_0/addr_arbiter_inst/E[0]                                                                                                               |                                                                                                                                                             |                8 |             33 |
|  handgesture_mb_i/clk_wiz_1/inst/clk_out1                         | handgesture_mb_i/microblaze_0/U0/MicroBlaze_Core_I/Performance.Core/mem_databus_ready_sel_carry_or/MUXCY_I/lopt_4                                                                                                |                                                                                                                                                             |                8 |             34 |
|  handgesture_mb_i/mdm_1/U0/No_Dbg_Reg_Access.BUFG_DRCK/Dbg_Clk_31 | handgesture_mb_i/mdm_1/U0/Use_E2.BSCAN_I/Dbg_Capture_0                                                                                                                                                           |                                                                                                                                                             |               14 |             47 |
|  handgesture_mb_i/clk_wiz_1/inst/clk_out1                         | handgesture_mb_i/myip_slave2_0/inst/myip_slave2_v1_0_S00_AXI_inst/udut/gyro_spi_master/x_axis[15]_i_1_n_0                                                                                                        | handgesture_mb_i/myip_slave2_0/inst/myip_slave2_v1_0_S00_AXI_inst/resetter1/reset                                                                           |                8 |             48 |
|  handgesture_mb_i/clk_wiz_1/inst/clk_out1                         | handgesture_mb_i/microblaze_0_axi_intc/U0/AXI_LITE_IPIF_I/I_SLAVE_ATTACHMENT/I_DECODER/bus2ip_wrce[0]                                                                                                            |                                                                                                                                                             |                8 |             64 |
|  handgesture_mb_i/clk_wiz_1/inst/clk_out1                         | handgesture_mb_i/microblaze_0/U0/MicroBlaze_Core_I/Performance.Core/Decode_I/PreFetch_Buffer_I1/Instruction_Prefetch_Mux[42].Instr_Mux_MUXF7/Using_FPGA.Native_0                                                 |                                                                                                                                                             |               11 |             75 |
|  handgesture_mb_i/clk_wiz_1/inst/clk_out1                         | handgesture_mb_i/myip_slave2_0/inst/myip_slave2_v1_0_S00_AXI_inst/filter_x/intermediate_reg1[15]_i_1_n_0                                                                                                         | handgesture_mb_i/myip_slave2_0/inst/myip_slave2_v1_0_S00_AXI_inst/resetter1/reset                                                                           |               15 |             76 |
|  handgesture_mb_i/clk_wiz_1/inst/clk_out1                         | handgesture_mb_i/myip_slave2_0/inst/myip_slave2_v1_0_S00_AXI_inst/filter_y/intermediate_reg1[15]_i_1__0_n_0                                                                                                      | handgesture_mb_i/myip_slave2_0/inst/myip_slave2_v1_0_S00_AXI_inst/resetter1/reset                                                                           |               18 |             76 |
|  handgesture_mb_i/clk_wiz_1/inst/clk_out1                         | handgesture_mb_i/myip_slave2_0/inst/myip_slave2_v1_0_S00_AXI_inst/filter_z/intermediate_reg1[15]_i_1__1_n_0                                                                                                      | handgesture_mb_i/myip_slave2_0/inst/myip_slave2_v1_0_S00_AXI_inst/resetter1/reset                                                                           |               17 |             76 |
|  handgesture_mb_i/mdm_1/U0/No_Dbg_Reg_Access.BUFG_DRCK/Dbg_Clk_31 |                                                                                                                                                                                                                  |                                                                                                                                                             |               33 |             80 |
|  handgesture_mb_i/clk_wiz_1/inst/clk_out1                         | handgesture_mb_i/microblaze_0/U0/MicroBlaze_Core_I/Performance.Core/Decode_I/Use_MuxCy[2].OF_Piperun_Stage/MUXCY_I/lopt_1                                                                                        | handgesture_mb_i/microblaze_0/U0/MicroBlaze_Core_I/sync_reset                                                                                               |               31 |             84 |
|  handgesture_mb_i/clk_wiz_1/inst/clk_out1                         |                                                                                                                                                                                                                  | handgesture_mb_i/myip_slave2_0/inst/myip_slave2_v1_0_S00_AXI_inst/resetter1/reset                                                                           |               38 |            110 |
|  handgesture_mb_i/clk_wiz_1/inst/clk_out1                         | handgesture_mb_i/microblaze_0/U0/MicroBlaze_Core_I/Performance.Core/Decode_I/mb_halted_1_reg[24]                                                                                                                 |                                                                                                                                                             |               16 |            128 |
|  handgesture_mb_i/clk_wiz_1/inst/clk_out1                         | handgesture_mb_i/myip_slave2_0/inst/myip_slave2_v1_0_S00_AXI_inst/resetter1/sel                                                                                                                                  |                                                                                                                                                             |               36 |            132 |
|  handgesture_mb_i/clk_wiz_1/inst/clk_out1                         |                                                                                                                                                                                                                  | handgesture_mb_i/microblaze_0/U0/MicroBlaze_Core_I/sync_reset                                                                                               |               67 |            155 |
|  handgesture_mb_i/clk_wiz_1/inst/clk_out1                         | handgesture_mb_i/myip_slave2_0/inst/myip_slave2_v1_0_S00_AXI_inst/filter_x/intermediate_reg5[15]_i_1_n_0                                                                                                         |                                                                                                                                                             |               36 |            192 |
|  handgesture_mb_i/clk_wiz_1/inst/clk_out1                         | handgesture_mb_i/myip_slave2_0/inst/myip_slave2_v1_0_S00_AXI_inst/filter_y/intermediate_reg5[15]_i_1__0_n_0                                                                                                      |                                                                                                                                                             |               40 |            192 |
|  handgesture_mb_i/clk_wiz_1/inst/clk_out1                         | handgesture_mb_i/myip_slave2_0/inst/myip_slave2_v1_0_S00_AXI_inst/filter_z/intermediate_reg5[15]_i_1__1_n_0                                                                                                      |                                                                                                                                                             |               38 |            192 |
|  handgesture_mb_i/clk_wiz_1/inst/clk_out1                         | handgesture_mb_i/microblaze_0/U0/MicroBlaze_Core_I/Performance.Core/Decode_I/Use_MuxCy[10].OF_Piperun_Stage/MUXCY_I/lopt_1                                                                                       | handgesture_mb_i/microblaze_0/U0/MicroBlaze_Core_I/sync_reset                                                                                               |               77 |            221 |
|  handgesture_mb_i/clk_wiz_1/inst/clk_out1                         |                                                                                                                                                                                                                  |                                                                                                                                                             |              763 |           2684 |
+-------------------------------------------------------------------+------------------------------------------------------------------------------------------------------------------------------------------------------------------------------------------------------------------+-------------------------------------------------------------------------------------------------------------------------------------------------------------+------------------+----------------+


