17:34:28 **** Clean-only build of configuration Debug for project mb_simple ****
make clean 
rm -rf  ./src/helloworld.o ./src/platform.o  ./src/helloworld.d ./src/platform.d  mb_simple.elf.size  mb_simple.elf
 
17:34:28 **** Clean-only build of project mb_simple_bsp ****
make -k clean 
C:/Xilinx/SDK/2018.1/gnuwin/bin/make -C microblaze_0/libsrc/bram_v4_2/src -s clean 
C:/Xilinx/SDK/2018.1/gnuwin/bin/make -C microblaze_0/libsrc/cpu_v2_6/src -s clean 
C:/Xilinx/SDK/2018.1/gnuwin/bin/make -C microblaze_0/libsrc/gpio_v4_3/src -s clean 
C:/Xilinx/SDK/2018.1/gnuwin/bin/make -C microblaze_0/libsrc/intc_v3_7/src -s clean 
C:/Xilinx/SDK/2018.1/gnuwin/bin/make -C microblaze_0/libsrc/myip_slave2_v1_0/src -s clean 
C:\Xilinx\SDK\2018.1\gnuwin\bin\rm.exe: cannot lstat `*.o': Invalid argument
make[1]: *** [clean] Error 1
make: *** [microblaze_0/libsrc/myip_slave2_v1_0/src/make.clean] Error 2
C:/Xilinx/SDK/2018.1/gnuwin/bin/make -C microblaze_0/libsrc/standalone_v6_6/src -s clean 
C:/Xilinx/SDK/2018.1/gnuwin/bin/make -C microblaze_0/libsrc/uartlite_v3_2/src -s clean 
make: Target `clean' not remade because of errors.
17:34:30 **** Build of project mb_simple_bsp ****
make -k all 
"Running Make include in microblaze_0/libsrc/bram_v4_2/src"
C:/Xilinx/SDK/2018.1/gnuwin/bin/make -C microblaze_0/libsrc/bram_v4_2/src -s include  "SHELL=CMD" "COMPILER=mb-gcc" "ARCHIVER=mb-ar" "COMPILER_FLAGS= -O2 -c -mcpu=v10.0 -mlittle-endian -mxl-soft-mul" "EXTRA_COMPILER_FLAGS=-ffunction-sections -fdata-sections -Wall -Wextra"
"Running Make include in microblaze_0/libsrc/cpu_v2_6/src"
C:/Xilinx/SDK/2018.1/gnuwin/bin/make -C microblaze_0/libsrc/cpu_v2_6/src -s include  "SHELL=CMD" "COMPILER=mb-gcc" "ARCHIVER=mb-ar" "COMPILER_FLAGS= -O2 -c -mcpu=v10.0 -mlittle-endian -mxl-soft-mul" "EXTRA_COMPILER_FLAGS=-ffunction-sections -fdata-sections -Wall -Wextra"
"Running Make include in microblaze_0/libsrc/gpio_v4_3/src"
C:/Xilinx/SDK/2018.1/gnuwin/bin/make -C microblaze_0/libsrc/gpio_v4_3/src -s include  "SHELL=CMD" "COMPILER=mb-gcc" "ARCHIVER=mb-ar" "COMPILER_FLAGS= -O2 -c -mcpu=v10.0 -mlittle-endian -mxl-soft-mul" "EXTRA_COMPILER_FLAGS=-ffunction-sections -fdata-sections -Wall -Wextra"
"Running Make include in microblaze_0/libsrc/intc_v3_7/src"
C:/Xilinx/SDK/2018.1/gnuwin/bin/make -C microblaze_0/libsrc/intc_v3_7/src -s include  "SHELL=CMD" "COMPILER=mb-gcc" "ARCHIVER=mb-ar" "COMPILER_FLAGS= -O2 -c -mcpu=v10.0 -mlittle-endian -mxl-soft-mul" "EXTRA_COMPILER_FLAGS=-ffunction-sections -fdata-sections -Wall -Wextra"
"Running Make include in microblaze_0/libsrc/myip_slave2_v1_0/src"
C:/Xilinx/SDK/2018.1/gnuwin/bin/make -C microblaze_0/libsrc/myip_slave2_v1_0/src -s include  "SHELL=CMD" "COMPILER=mb-gcc" "ARCHIVER=mb-ar" "COMPILER_FLAGS= -O2 -c -mcpu=v10.0 -mlittle-endian -mxl-soft-mul" "EXTRA_COMPILER_FLAGS=-ffunction-sections -fdata-sections -Wall -Wextra"
"Running Make include in microblaze_0/libsrc/standalone_v6_6/src"
C:/Xilinx/SDK/2018.1/gnuwin/bin/make -C microblaze_0/libsrc/standalone_v6_6/src -s include  "SHELL=CMD" "COMPILER=mb-gcc" "ARCHIVER=mb-ar" "COMPILER_FLAGS= -O2 -c -mcpu=v10.0 -mlittle-endian -mxl-soft-mul" "EXTRA_COMPILER_FLAGS=-ffunction-sections -fdata-sections -Wall -Wextra"
"Running Make include in microblaze_0/libsrc/uartlite_v3_2/src"
C:/Xilinx/SDK/2018.1/gnuwin/bin/make -C microblaze_0/libsrc/uartlite_v3_2/src -s include  "SHELL=CMD" "COMPILER=mb-gcc" "ARCHIVER=mb-ar" "COMPILER_FLAGS= -O2 -c -mcpu=v10.0 -mlittle-endian -mxl-soft-mul" "EXTRA_COMPILER_FLAGS=-ffunction-sections -fdata-sections -Wall -Wextra"
"Running Make libs in microblaze_0/libsrc/bram_v4_2/src"
C:/Xilinx/SDK/2018.1/gnuwin/bin/make -C microblaze_0/libsrc/bram_v4_2/src -s libs  "SHELL=CMD" "COMPILER=mb-gcc" "ARCHIVER=mb-ar" "COMPILER_FLAGS= -O2 -c -mcpu=v10.0 -mlittle-endian -mxl-soft-mul" "EXTRA_COMPILER_FLAGS=-ffunction-sections -fdata-sections -Wall -Wextra"
"Compiling bram"
mb-ar: creating ../../../lib/libxil.a
"Running Make libs in microblaze_0/libsrc/cpu_v2_6/src"
C:/Xilinx/SDK/2018.1/gnuwin/bin/make -C microblaze_0/libsrc/cpu_v2_6/src -s libs  "SHELL=CMD" "COMPILER=mb-gcc" "ARCHIVER=mb-ar" "COMPILER_FLAGS= -O2 -c -mcpu=v10.0 -mlittle-endian -mxl-soft-mul" "EXTRA_COMPILER_FLAGS=-ffunction-sections -fdata-sections -Wall -Wextra"
"Compiling cpu"
"Running Make libs in microblaze_0/libsrc/gpio_v4_3/src"
C:/Xilinx/SDK/2018.1/gnuwin/bin/make -C microblaze_0/libsrc/gpio_v4_3/src -s libs  "SHELL=CMD" "COMPILER=mb-gcc" "ARCHIVER=mb-ar" "COMPILER_FLAGS= -O2 -c -mcpu=v10.0 -mlittle-endian -mxl-soft-mul" "EXTRA_COMPILER_FLAGS=-ffunction-sections -fdata-sections -Wall -Wextra"
"Compiling gpio"
"Running Make libs in microblaze_0/libsrc/intc_v3_7/src"
C:/Xilinx/SDK/2018.1/gnuwin/bin/make -C microblaze_0/libsrc/intc_v3_7/src -s libs  "SHELL=CMD" "COMPILER=mb-gcc" "ARCHIVER=mb-ar" "COMPILER_FLAGS= -O2 -c -mcpu=v10.0 -mlittle-endian -mxl-soft-mul" "EXTRA_COMPILER_FLAGS=-ffunction-sections -fdata-sections -Wall -Wextra"
"Compiling intc"
"Running Make libs in microblaze_0/libsrc/myip_slave2_v1_0/src"
C:/Xilinx/SDK/2018.1/gnuwin/bin/make -C microblaze_0/libsrc/myip_slave2_v1_0/src -s libs  "SHELL=CMD" "COMPILER=mb-gcc" "ARCHIVER=mb-ar" "COMPILER_FLAGS= -O2 -c -mcpu=v10.0 -mlittle-endian -mxl-soft-mul" "EXTRA_COMPILER_FLAGS=-ffunction-sections -fdata-sections -Wall -Wextra"
"Compiling myip_slave2..."
myip_slave2_selftest.c: In function 'MYIP_SLAVE2_Reg_SelfTest':
myip_slave2_selftest.c:52:60: warning: comparison between signed and unsigned integer expressions [-Wsign-compare]
    if ( MYIP_SLAVE2_mReadReg (baseaddr, read_loop_index*4) != (read_loop_index+1)*READ_WRITE_MUL_FACTOR){
                                                            ^~
myip_slave2_selftest.c:36:6: warning: unused variable 'Index' [-Wunused-variable]
  int Index;
      ^~~~~
"Running Make libs in microblaze_0/libsrc/standalone_v6_6/src"
C:/Xilinx/SDK/2018.1/gnuwin/bin/make -C microblaze_0/libsrc/standalone_v6_6/src -s libs  "SHELL=CMD" "COMPILER=mb-gcc" "ARCHIVER=mb-ar" "COMPILER_FLAGS= -O2 -c -mcpu=v10.0 -mlittle-endian -mxl-soft-mul" "EXTRA_COMPILER_FLAGS=-ffunction-sections -fdata-sections -Wall -Wextra"
"Compiling standalone";
microblaze_sleep.c:74:9: note: #pragma message: For the sleep routines, assembly instructions are used
 #pragma message ("For the sleep routines, assembly instructions are used")
         ^~~~~~~
"Running Make libs in microblaze_0/libsrc/uartlite_v3_2/src"
C:/Xilinx/SDK/2018.1/gnuwin/bin/make -C microblaze_0/libsrc/uartlite_v3_2/src -s libs  "SHELL=CMD" "COMPILER=mb-gcc" "ARCHIVER=mb-ar" "COMPILER_FLAGS= -O2 -c -mcpu=v10.0 -mlittle-endian -mxl-soft-mul" "EXTRA_COMPILER_FLAGS=-ffunction-sections -fdata-sections -Wall -Wextra"
"Compiling uartlite"
'Finished building libraries'
17:34:46 **** Build of configuration Debug for project mb_simple ****
make all 
Building file: ../src/helloworld.c
Invoking: MicroBlaze gcc compiler
mb-gcc -Wall -O0 -g3 -c -fmessage-length=0 -MT"src/helloworld.o" -I../../mb_simple_bsp/microblaze_0/include -mlittle-endian -mcpu=v10.0 -mxl-soft-mul -Wl,--no-relax -ffunction-sections -fdata-sections -MMD -MP -MF"src/helloworld.d" -MT"src/helloworld.o" -o "src/helloworld.o" "../src/helloworld.c"
../src/helloworld.c: In function 'print_bt':
../src/helloworld.c:78:2: warning: value computed is not used [-Wunused-value]
  *ptr++;
  ^~~~~~
Finished building: ../src/helloworld.c
 
Building file: ../src/platform.c
Invoking: MicroBlaze gcc compiler
mb-gcc -Wall -O0 -g3 -c -fmessage-length=0 -MT"src/platform.o" -I../../mb_simple_bsp/microblaze_0/include -mlittle-endian -mcpu=v10.0 -mxl-soft-mul -Wl,--no-relax -ffunction-sections -fdata-sections -MMD -MP -MF"src/platform.d" -MT"src/platform.o" -o "src/platform.o" "../src/platform.c"
Finished building: ../src/platform.c
 
Building target: mb_simple.elf
Invoking: MicroBlaze gcc linker
mb-gcc -Wl,-T -Wl,../src/lscript.ld -L../../mb_simple_bsp/microblaze_0/lib -mlittle-endian -mcpu=v10.0 -mxl-soft-mul -Wl,--no-relax -Wl,--gc-sections -o "mb_simple.elf"  ./src/helloworld.o ./src/platform.o   -Wl,--start-group,-lxil,-lgcc,-lc,--end-group
Finished building target: mb_simple.elf
 
Invoking: MicroBlaze Print Size
mb-size mb_simple.elf  |tee "mb_simple.elf.size"
   text	   data	    bss	    dec	    hex	filename
   3112	    316	   3108	   6536	   1988	mb_simple.elf
Finished building: mb_simple.elf.size
 
17:36:18 **** Auto Build of configuration Debug for project mb_simple ****
make all 
Building file: ../src/helloworld.c
Invoking: MicroBlaze gcc compiler
mb-gcc -Wall -O0 -g3 -c -fmessage-length=0 -MT"src/helloworld.o" -I../../mb_simple_bsp/microblaze_0/include -mlittle-endian -mcpu=v10.0 -mxl-soft-mul -Wl,--no-relax -ffunction-sections -fdata-sections -MMD -MP -MF"src/helloworld.d" -MT"src/helloworld.o" -o "src/helloworld.o" "../src/helloworld.c"
../src/helloworld.c: In function 'print_bt':
../src/helloworld.c:78:2: warning: value computed is not used [-Wunused-value]
  *ptr++;
  ^~~~~~
../src/helloworld.c: In function 'main':
../src/helloworld.c:96:10: error: invalid type argument of unary '*' (have 'int')
      if (*(XPAR_MYIP_SLAVE2_0_S00_AXI_BASEADDR + 1))
          ^~~~~~~~~~~~~~~~~~~~~~~~~~~~~~~~~~~~~~~~~~
make: *** [src/helloworld.o] Error 1
17:37:10 **** Auto Build of configuration Debug for project mb_simple ****
make all 
Building file: ../src/helloworld.c
Invoking: MicroBlaze gcc compiler
mb-gcc -Wall -O0 -g3 -c -fmessage-length=0 -MT"src/helloworld.o" -I../../mb_simple_bsp/microblaze_0/include -mlittle-endian -mcpu=v10.0 -mxl-soft-mul -Wl,--no-relax -ffunction-sections -fdata-sections -MMD -MP -MF"src/helloworld.d" -MT"src/helloworld.o" -o "src/helloworld.o" "../src/helloworld.c"
../src/helloworld.c: In function 'print_bt':
../src/helloworld.c:78:2: warning: value computed is not used [-Wunused-value]
  *ptr++;
  ^~~~~~
Finished building: ../src/helloworld.c
 
Building target: mb_simple.elf
Invoking: MicroBlaze gcc linker
mb-gcc -Wl,-T -Wl,../src/lscript.ld -L../../mb_simple_bsp/microblaze_0/lib -mlittle-endian -mcpu=v10.0 -mxl-soft-mul -Wl,--no-relax -Wl,--gc-sections -o "mb_simple.elf"  ./src/helloworld.o ./src/platform.o   -Wl,--start-group,-lxil,-lgcc,-lc,--end-group
Finished building target: mb_simple.elf
 
Invoking: MicroBlaze Print Size
mb-size mb_simple.elf  |tee "mb_simple.elf.size"
   text	   data	    bss	    dec	    hex	filename
   2796	    320	   3108	   6224	   1850	mb_simple.elf
Finished building: mb_simple.elf.size
 
17:40:09 **** Auto Build of configuration Debug for project mb_simple ****
make all 
Building file: ../src/helloworld.c
Invoking: MicroBlaze gcc compiler
mb-gcc -Wall -O0 -g3 -c -fmessage-length=0 -MT"src/helloworld.o" -I../../mb_simple_bsp/microblaze_0/include -mlittle-endian -mcpu=v10.0 -mxl-soft-mul -Wl,--no-relax -ffunction-sections -fdata-sections -MMD -MP -MF"src/helloworld.d" -MT"src/helloworld.o" -o "src/helloworld.o" "../src/helloworld.c"
../src/helloworld.c: In function 'print_bt':
../src/helloworld.c:78:2: warning: value computed is not used [-Wunused-value]
  *ptr++;
  ^~~~~~
Finished building: ../src/helloworld.c
 
Building target: mb_simple.elf
Invoking: MicroBlaze gcc linker
mb-gcc -Wl,-T -Wl,../src/lscript.ld -L../../mb_simple_bsp/microblaze_0/lib -mlittle-endian -mcpu=v10.0 -mxl-soft-mul -Wl,--no-relax -Wl,--gc-sections -o "mb_simple.elf"  ./src/helloworld.o ./src/platform.o   -Wl,--start-group,-lxil,-lgcc,-lc,--end-group
Finished building target: mb_simple.elf
 
Invoking: MicroBlaze Print Size
mb-size mb_simple.elf  |tee "mb_simple.elf.size"
   text	   data	    bss	    dec	    hex	filename
   2852	    320	   3108	   6280	   1888	mb_simple.elf
Finished building: mb_simple.elf.size
 
17:40:20 **** Auto Build of configuration Debug for project mb_simple ****
make all 
Building file: ../src/helloworld.c
Invoking: MicroBlaze gcc compiler
mb-gcc -Wall -O0 -g3 -c -fmessage-length=0 -MT"src/helloworld.o" -I../../mb_simple_bsp/microblaze_0/include -mlittle-endian -mcpu=v10.0 -mxl-soft-mul -Wl,--no-relax -ffunction-sections -fdata-sections -MMD -MP -MF"src/helloworld.d" -MT"src/helloworld.o" -o "src/helloworld.o" "../src/helloworld.c"
../src/helloworld.c: In function 'print_bt':
../src/helloworld.c:78:2: warning: value computed is not used [-Wunused-value]
  *ptr++;
  ^~~~~~
Finished building: ../src/helloworld.c
 
Building target: mb_simple.elf
Invoking: MicroBlaze gcc linker
mb-gcc -Wl,-T -Wl,../src/lscript.ld -L../../mb_simple_bsp/microblaze_0/lib -mlittle-endian -mcpu=v10.0 -mxl-soft-mul -Wl,--no-relax -Wl,--gc-sections -o "mb_simple.elf"  ./src/helloworld.o ./src/platform.o   -Wl,--start-group,-lxil,-lgcc,-lc,--end-group
Finished building target: mb_simple.elf
 
Invoking: MicroBlaze Print Size
mb-size mb_simple.elf  |tee "mb_simple.elf.size"
   text	   data	    bss	    dec	    hex	filename
   2876	    320	   3108	   6304	   18a0	mb_simple.elf
Finished building: mb_simple.elf.size
 
17:43:34 **** Auto Build of configuration Debug for project mb_simple ****
make all 
Building file: ../src/helloworld.c
Invoking: MicroBlaze gcc compiler
mb-gcc -Wall -O0 -g3 -c -fmessage-length=0 -MT"src/helloworld.o" -I../../mb_simple_bsp/microblaze_0/include -mlittle-endian -mcpu=v10.0 -mxl-soft-mul -Wl,--no-relax -ffunction-sections -fdata-sections -MMD -MP -MF"src/helloworld.d" -MT"src/helloworld.o" -o "src/helloworld.o" "../src/helloworld.c"
../src/helloworld.c: In function 'print_bt':
../src/helloworld.c:78:2: warning: value computed is not used [-Wunused-value]
  *ptr++;
  ^~~~~~
Finished building: ../src/helloworld.c
 
Building target: mb_simple.elf
Invoking: MicroBlaze gcc linker
mb-gcc -Wl,-T -Wl,../src/lscript.ld -L../../mb_simple_bsp/microblaze_0/lib -mlittle-endian -mcpu=v10.0 -mxl-soft-mul -Wl,--no-relax -Wl,--gc-sections -o "mb_simple.elf"  ./src/helloworld.o ./src/platform.o   -Wl,--start-group,-lxil,-lgcc,-lc,--end-group
Finished building target: mb_simple.elf
 
Invoking: MicroBlaze Print Size
mb-size mb_simple.elf  |tee "mb_simple.elf.size"
   text	   data	    bss	    dec	    hex	filename
   3152	    320	   3104	   6576	   19b0	mb_simple.elf
Finished building: mb_simple.elf.size
 
17:43:45 **** Incremental Build of configuration Debug for project mb_simple ****
make all 
make: Nothing to be done for `all'.
17:44:04 **** Incremental Build of configuration Debug for project mb_simple ****
make all 
make: Nothing to be done for `all'.
17:45:52 **** Auto Build of configuration Debug for project mb_simple ****
make all 
Building file: ../src/helloworld.c
Invoking: MicroBlaze gcc compiler
mb-gcc -Wall -O0 -g3 -c -fmessage-length=0 -MT"src/helloworld.o" -I../../mb_simple_bsp/microblaze_0/include -mlittle-endian -mcpu=v10.0 -mxl-soft-mul -Wl,--no-relax -ffunction-sections -fdata-sections -MMD -MP -MF"src/helloworld.d" -MT"src/helloworld.o" -o "src/helloworld.o" "../src/helloworld.c"
../src/helloworld.c: In function 'print_bt':
../src/helloworld.c:78:2: warning: value computed is not used [-Wunused-value]
  *ptr++;
  ^~~~~~
Finished building: ../src/helloworld.c
 
Building target: mb_simple.elf
Invoking: MicroBlaze gcc linker
mb-gcc -Wl,-T -Wl,../src/lscript.ld -L../../mb_simple_bsp/microblaze_0/lib -mlittle-endian -mcpu=v10.0 -mxl-soft-mul -Wl,--no-relax -Wl,--gc-sections -o "mb_simple.elf"  ./src/helloworld.o ./src/platform.o   -Wl,--start-group,-lxil,-lgcc,-lc,--end-group
Finished building target: mb_simple.elf
 
Invoking: MicroBlaze Print Size
mb-size mb_simple.elf  |tee "mb_simple.elf.size"
   text	   data	    bss	    dec	    hex	filename
   3180	    320	   3108	   6608	   19d0	mb_simple.elf
Finished building: mb_simple.elf.size
 
17:46:39 **** Auto Build of configuration Debug for project mb_simple ****
make all 
Building file: ../src/helloworld.c
Invoking: MicroBlaze gcc compiler
mb-gcc -Wall -O0 -g3 -c -fmessage-length=0 -MT"src/helloworld.o" -I../../mb_simple_bsp/microblaze_0/include -mlittle-endian -mcpu=v10.0 -mxl-soft-mul -Wl,--no-relax -ffunction-sections -fdata-sections -MMD -MP -MF"src/helloworld.d" -MT"src/helloworld.o" -o "src/helloworld.o" "../src/helloworld.c"
../src/helloworld.c: In function 'print_bt':
../src/helloworld.c:78:2: warning: value computed is not used [-Wunused-value]
  *ptr++;
  ^~~~~~
Finished building: ../src/helloworld.c
 
Building target: mb_simple.elf
Invoking: MicroBlaze gcc linker
mb-gcc -Wl,-T -Wl,../src/lscript.ld -L../../mb_simple_bsp/microblaze_0/lib -mlittle-endian -mcpu=v10.0 -mxl-soft-mul -Wl,--no-relax -Wl,--gc-sections -o "mb_simple.elf"  ./src/helloworld.o ./src/platform.o   -Wl,--start-group,-lxil,-lgcc,-lc,--end-group
Finished building target: mb_simple.elf
 
Invoking: MicroBlaze Print Size
mb-size mb_simple.elf  |tee "mb_simple.elf.size"
   text	   data	    bss	    dec	    hex	filename
   3184	    320	   3104	   6608	   19d0	mb_simple.elf
Finished building: mb_simple.elf.size
 
17:47:00 **** Incremental Build of configuration Debug for project mb_simple ****
make all 
make: Nothing to be done for `all'.
17:51:06 **** Auto Build of configuration Debug for project mb_simple ****
make all 
Building file: ../src/helloworld.c
Invoking: MicroBlaze gcc compiler
mb-gcc -Wall -O0 -g3 -c -fmessage-length=0 -MT"src/helloworld.o" -I../../mb_simple_bsp/microblaze_0/include -mlittle-endian -mcpu=v10.0 -mxl-soft-mul -Wl,--no-relax -ffunction-sections -fdata-sections -MMD -MP -MF"src/helloworld.d" -MT"src/helloworld.o" -o "src/helloworld.o" "../src/helloworld.c"
../src/helloworld.c: In function 'print_bt':
../src/helloworld.c:78:2: warning: value computed is not used [-Wunused-value]
  *ptr++;
  ^~~~~~
../src/helloworld.c: In function 'main':
../src/helloworld.c:94:9: warning: unused variable 'prev' [-Wunused-variable]
     int prev = 0;
         ^~~~
../src/helloworld.c: At top level:
../src/helloworld.c:144:5: warning: data definition has no type or storage class
     cleanup_platform();
     ^~~~~~~~~~~~~~~~
../src/helloworld.c:144:5: warning: type defaults to 'int' in declaration of 'cleanup_platform' [-Wimplicit-int]
../src/helloworld.c:144:5: error: conflicting types for 'cleanup_platform'
In file included from ../src/helloworld.c:49:0:
../src/platform.h:39:6: note: previous declaration of 'cleanup_platform' was here
 void cleanup_platform();
      ^~~~~~~~~~~~~~~~
../src/helloworld.c:145:5: error: expected identifier or '(' before 'return'
     return 0;
     ^~~~~~
../src/helloworld.c:146:1: error: expected identifier or '(' before '}' token
 }
 ^
make: *** [src/helloworld.o] Error 1
17:51:17 **** Auto Build of configuration Debug for project mb_simple ****
make all 
Building file: ../src/helloworld.c
Invoking: MicroBlaze gcc compiler
mb-gcc -Wall -O0 -g3 -c -fmessage-length=0 -MT"src/helloworld.o" -I../../mb_simple_bsp/microblaze_0/include -mlittle-endian -mcpu=v10.0 -mxl-soft-mul -Wl,--no-relax -ffunction-sections -fdata-sections -MMD -MP -MF"src/helloworld.d" -MT"src/helloworld.o" -o "src/helloworld.o" "../src/helloworld.c"
../src/helloworld.c: In function 'print_bt':
../src/helloworld.c:78:2: warning: value computed is not used [-Wunused-value]
  *ptr++;
  ^~~~~~
../src/helloworld.c: In function 'main':
../src/helloworld.c:94:9: warning: unused variable 'prev' [-Wunused-variable]
     int prev = 0;
         ^~~~
Finished building: ../src/helloworld.c
 
Building target: mb_simple.elf
Invoking: MicroBlaze gcc linker
mb-gcc -Wl,-T -Wl,../src/lscript.ld -L../../mb_simple_bsp/microblaze_0/lib -mlittle-endian -mcpu=v10.0 -mxl-soft-mul -Wl,--no-relax -Wl,--gc-sections -o "mb_simple.elf"  ./src/helloworld.o ./src/platform.o   -Wl,--start-group,-lxil,-lgcc,-lc,--end-group
Finished building target: mb_simple.elf
 
Invoking: MicroBlaze Print Size
mb-size mb_simple.elf  |tee "mb_simple.elf.size"
   text	   data	    bss	    dec	    hex	filename
   3156	    320	   3108	   6584	   19b8	mb_simple.elf
Finished building: mb_simple.elf.size
 
17:51:52 **** Auto Build of configuration Debug for project mb_simple ****
make all 
Building file: ../src/helloworld.c
Invoking: MicroBlaze gcc compiler
mb-gcc -Wall -O0 -g3 -c -fmessage-length=0 -MT"src/helloworld.o" -I../../mb_simple_bsp/microblaze_0/include -mlittle-endian -mcpu=v10.0 -mxl-soft-mul -Wl,--no-relax -ffunction-sections -fdata-sections -MMD -MP -MF"src/helloworld.d" -MT"src/helloworld.o" -o "src/helloworld.o" "../src/helloworld.c"
../src/helloworld.c: In function 'print_bt':
../src/helloworld.c:78:2: warning: value computed is not used [-Wunused-value]
  *ptr++;
  ^~~~~~
Finished building: ../src/helloworld.c
 
Building target: mb_simple.elf
Invoking: MicroBlaze gcc linker
mb-gcc -Wl,-T -Wl,../src/lscript.ld -L../../mb_simple_bsp/microblaze_0/lib -mlittle-endian -mcpu=v10.0 -mxl-soft-mul -Wl,--no-relax -Wl,--gc-sections -o "mb_simple.elf"  ./src/helloworld.o ./src/platform.o   -Wl,--start-group,-lxil,-lgcc,-lc,--end-group
Finished building target: mb_simple.elf
 
Invoking: MicroBlaze Print Size
mb-size mb_simple.elf  |tee "mb_simple.elf.size"
   text	   data	    bss	    dec	    hex	filename
   3224	    320	   3104	   6648	   19f8	mb_simple.elf
Finished building: mb_simple.elf.size
 
17:51:59 **** Incremental Build of configuration Debug for project mb_simple ****
make all 
make: Nothing to be done for `all'.
17:53:18 **** Auto Build of configuration Debug for project mb_simple ****
make all 
Building file: ../src/helloworld.c
Invoking: MicroBlaze gcc compiler
mb-gcc -Wall -O0 -g3 -c -fmessage-length=0 -MT"src/helloworld.o" -I../../mb_simple_bsp/microblaze_0/include -mlittle-endian -mcpu=v10.0 -mxl-soft-mul -Wl,--no-relax -ffunction-sections -fdata-sections -MMD -MP -MF"src/helloworld.d" -MT"src/helloworld.o" -o "src/helloworld.o" "../src/helloworld.c"
../src/helloworld.c: In function 'print_bt':
../src/helloworld.c:78:2: warning: value computed is not used [-Wunused-value]
  *ptr++;
  ^~~~~~
../src/helloworld.c: In function 'main':
../src/helloworld.c:94:9: warning: unused variable 'state' [-Wunused-variable]
     int state = 0;
         ^~~~~
Finished building: ../src/helloworld.c
 
Building target: mb_simple.elf
Invoking: MicroBlaze gcc linker
mb-gcc -Wl,-T -Wl,../src/lscript.ld -L../../mb_simple_bsp/microblaze_0/lib -mlittle-endian -mcpu=v10.0 -mxl-soft-mul -Wl,--no-relax -Wl,--gc-sections -o "mb_simple.elf"  ./src/helloworld.o ./src/platform.o   -Wl,--start-group,-lxil,-lgcc,-lc,--end-group
Finished building target: mb_simple.elf
 
Invoking: MicroBlaze Print Size
mb-size mb_simple.elf  |tee "mb_simple.elf.size"
   text	   data	    bss	    dec	    hex	filename
   3156	    320	   3108	   6584	   19b8	mb_simple.elf
Finished building: mb_simple.elf.size
 
17:53:39 **** Auto Build of configuration Debug for project mb_simple ****
make all 
Building file: ../src/helloworld.c
Invoking: MicroBlaze gcc compiler
mb-gcc -Wall -O0 -g3 -c -fmessage-length=0 -MT"src/helloworld.o" -I../../mb_simple_bsp/microblaze_0/include -mlittle-endian -mcpu=v10.0 -mxl-soft-mul -Wl,--no-relax -ffunction-sections -fdata-sections -MMD -MP -MF"src/helloworld.d" -MT"src/helloworld.o" -o "src/helloworld.o" "../src/helloworld.c"
../src/helloworld.c: In function 'print_bt':
../src/helloworld.c:78:2: warning: value computed is not used [-Wunused-value]
  *ptr++;
  ^~~~~~
../src/helloworld.c: In function 'main':
../src/helloworld.c:94:9: warning: variable 'state' set but not used [-Wunused-but-set-variable]
     int state = 0;
         ^~~~~
Finished building: ../src/helloworld.c
 
Building target: mb_simple.elf
Invoking: MicroBlaze gcc linker
mb-gcc -Wl,-T -Wl,../src/lscript.ld -L../../mb_simple_bsp/microblaze_0/lib -mlittle-endian -mcpu=v10.0 -mxl-soft-mul -Wl,--no-relax -Wl,--gc-sections -o "mb_simple.elf"  ./src/helloworld.o ./src/platform.o   -Wl,--start-group,-lxil,-lgcc,-lc,--end-group
Finished building target: mb_simple.elf
 
Invoking: MicroBlaze Print Size
mb-size mb_simple.elf  |tee "mb_simple.elf.size"
   text	   data	    bss	    dec	    hex	filename
   3204	    320	   3108	   6632	   19e8	mb_simple.elf
Finished building: mb_simple.elf.size
 
17:53:57 **** Auto Build of configuration Debug for project mb_simple ****
make all 
Building file: ../src/helloworld.c
Invoking: MicroBlaze gcc compiler
mb-gcc -Wall -O0 -g3 -c -fmessage-length=0 -MT"src/helloworld.o" -I../../mb_simple_bsp/microblaze_0/include -mlittle-endian -mcpu=v10.0 -mxl-soft-mul -Wl,--no-relax -ffunction-sections -fdata-sections -MMD -MP -MF"src/helloworld.d" -MT"src/helloworld.o" -o "src/helloworld.o" "../src/helloworld.c"
../src/helloworld.c: In function 'print_bt':
../src/helloworld.c:78:2: warning: value computed is not used [-Wunused-value]
  *ptr++;
  ^~~~~~
Finished building: ../src/helloworld.c
 
Building target: mb_simple.elf
Invoking: MicroBlaze gcc linker
mb-gcc -Wl,-T -Wl,../src/lscript.ld -L../../mb_simple_bsp/microblaze_0/lib -mlittle-endian -mcpu=v10.0 -mxl-soft-mul -Wl,--no-relax -Wl,--gc-sections -o "mb_simple.elf"  ./src/helloworld.o ./src/platform.o   -Wl,--start-group,-lxil,-lgcc,-lc,--end-group
Finished building target: mb_simple.elf
 
Invoking: MicroBlaze Print Size
mb-size mb_simple.elf  |tee "mb_simple.elf.size"
   text	   data	    bss	    dec	    hex	filename
   3224	    320	   3104	   6648	   19f8	mb_simple.elf
Finished building: mb_simple.elf.size
 
17:54:16 **** Auto Build of configuration Debug for project mb_simple ****
make all 
Building file: ../src/helloworld.c
Invoking: MicroBlaze gcc compiler
mb-gcc -Wall -O0 -g3 -c -fmessage-length=0 -MT"src/helloworld.o" -I../../mb_simple_bsp/microblaze_0/include -mlittle-endian -mcpu=v10.0 -mxl-soft-mul -Wl,--no-relax -ffunction-sections -fdata-sections -MMD -MP -MF"src/helloworld.d" -MT"src/helloworld.o" -o "src/helloworld.o" "../src/helloworld.c"
../src/helloworld.c: In function 'print_bt':
../src/helloworld.c:78:2: warning: value computed is not used [-Wunused-value]
  *ptr++;
  ^~~~~~
Finished building: ../src/helloworld.c
 
Building target: mb_simple.elf
Invoking: MicroBlaze gcc linker
mb-gcc -Wl,-T -Wl,../src/lscript.ld -L../../mb_simple_bsp/microblaze_0/lib -mlittle-endian -mcpu=v10.0 -mxl-soft-mul -Wl,--no-relax -Wl,--gc-sections -o "mb_simple.elf"  ./src/helloworld.o ./src/platform.o   -Wl,--start-group,-lxil,-lgcc,-lc,--end-group
Finished building target: mb_simple.elf
 
Invoking: MicroBlaze Print Size
mb-size mb_simple.elf  |tee "mb_simple.elf.size"
   text	   data	    bss	    dec	    hex	filename
   3248	    320	   3104	   6672	   1a10	mb_simple.elf
Finished building: mb_simple.elf.size
 
17:54:35 **** Incremental Build of configuration Debug for project mb_simple ****
make all 
make: Nothing to be done for `all'.
17:59:50 **** Auto Build of configuration Debug for project mb_simple ****
make all 
Building file: ../src/helloworld.c
Invoking: MicroBlaze gcc compiler
mb-gcc -Wall -O0 -g3 -c -fmessage-length=0 -MT"src/helloworld.o" -I../../mb_simple_bsp/microblaze_0/include -mlittle-endian -mcpu=v10.0 -mxl-soft-mul -Wl,--no-relax -ffunction-sections -fdata-sections -MMD -MP -MF"src/helloworld.d" -MT"src/helloworld.o" -o "src/helloworld.o" "../src/helloworld.c"
../src/helloworld.c: In function 'print_bt':
../src/helloworld.c:78:2: warning: value computed is not used [-Wunused-value]
  *ptr++;
  ^~~~~~
Finished building: ../src/helloworld.c
 
Building target: mb_simple.elf
Invoking: MicroBlaze gcc linker
mb-gcc -Wl,-T -Wl,../src/lscript.ld -L../../mb_simple_bsp/microblaze_0/lib -mlittle-endian -mcpu=v10.0 -mxl-soft-mul -Wl,--no-relax -Wl,--gc-sections -o "mb_simple.elf"  ./src/helloworld.o ./src/platform.o   -Wl,--start-group,-lxil,-lgcc,-lc,--end-group
Finished building target: mb_simple.elf
 
Invoking: MicroBlaze Print Size
mb-size mb_simple.elf  |tee "mb_simple.elf.size"
   text	   data	    bss	    dec	    hex	filename
   3364	    320	   3108	   6792	   1a88	mb_simple.elf
Finished building: mb_simple.elf.size
 
18:00:00 **** Incremental Build of configuration Debug for project mb_simple ****
make all 
make: Nothing to be done for `all'.
18:02:08 **** Incremental Build of configuration Debug for project mb_simple ****
make all 
make: Nothing to be done for `all'.
18:03:31 **** Auto Build of configuration Debug for project mb_simple ****
make all 
Building file: ../src/helloworld.c
Invoking: MicroBlaze gcc compiler
mb-gcc -Wall -O0 -g3 -c -fmessage-length=0 -MT"src/helloworld.o" -I../../mb_simple_bsp/microblaze_0/include -mlittle-endian -mcpu=v10.0 -mxl-soft-mul -Wl,--no-relax -ffunction-sections -fdata-sections -MMD -MP -MF"src/helloworld.d" -MT"src/helloworld.o" -o "src/helloworld.o" "../src/helloworld.c"
../src/helloworld.c: In function 'print_bt':
../src/helloworld.c:78:2: warning: value computed is not used [-Wunused-value]
  *ptr++;
  ^~~~~~
../src/helloworld.c: In function 'main':
../src/helloworld.c:95:10: warning: unused variable 'user_byte' [-Wunused-variable]
     char user_byte = 0;
          ^~~~~~~~~
Finished building: ../src/helloworld.c
 
Building target: mb_simple.elf
Invoking: MicroBlaze gcc linker
mb-gcc -Wl,-T -Wl,../src/lscript.ld -L../../mb_simple_bsp/microblaze_0/lib -mlittle-endian -mcpu=v10.0 -mxl-soft-mul -Wl,--no-relax -Wl,--gc-sections -o "mb_simple.elf"  ./src/helloworld.o ./src/platform.o   -Wl,--start-group,-lxil,-lgcc,-lc,--end-group
Finished building target: mb_simple.elf
 
Invoking: MicroBlaze Print Size
mb-size mb_simple.elf  |tee "mb_simple.elf.size"
   text	   data	    bss	    dec	    hex	filename
   3252	    320	   3108	   6680	   1a18	mb_simple.elf
Finished building: mb_simple.elf.size
 
19:37:52 **** Auto Build of configuration Debug for project mb_simple ****
make all 
Building file: ../src/helloworld.c
Invoking: MicroBlaze gcc compiler
mb-gcc -Wall -O0 -g3 -c -fmessage-length=0 -MT"src/helloworld.o" -I../../mb_simple_bsp/microblaze_0/include -mlittle-endian -mcpu=v10.0 -mxl-soft-mul -Wl,--no-relax -ffunction-sections -fdata-sections -MMD -MP -MF"src/helloworld.d" -MT"src/helloworld.o" -o "src/helloworld.o" "../src/helloworld.c"
../src/helloworld.c: In function 'print_bt':
../src/helloworld.c:78:2: warning: value computed is not used [-Wunused-value]
  *ptr++;
  ^~~~~~
Finished building: ../src/helloworld.c
 
Building target: mb_simple.elf
Invoking: MicroBlaze gcc linker
mb-gcc -Wl,-T -Wl,../src/lscript.ld -L../../mb_simple_bsp/microblaze_0/lib -mlittle-endian -mcpu=v10.0 -mxl-soft-mul -Wl,--no-relax -Wl,--gc-sections -o "mb_simple.elf"  ./src/helloworld.o ./src/platform.o   -Wl,--start-group,-lxil,-lgcc,-lc,--end-group
Finished building target: mb_simple.elf
 
Invoking: MicroBlaze Print Size
mb-size mb_simple.elf  |tee "mb_simple.elf.size"
   text	   data	    bss	    dec	    hex	filename
   3464	    320	   3104	   6888	   1ae8	mb_simple.elf
Finished building: mb_simple.elf.size
 
19:39:20 **** Incremental Build of configuration Debug for project mb_simple ****
make all 
make: Nothing to be done for `all'.
19:39:48 **** Incremental Build of configuration Debug for project mb_simple ****
make all 
make: Nothing to be done for `all'.
19:43:31 **** Auto Build of configuration Debug for project mb_simple ****
make all 
Building file: ../src/helloworld.c
Invoking: MicroBlaze gcc compiler
mb-gcc -Wall -O0 -g3 -c -fmessage-length=0 -MT"src/helloworld.o" -I../../mb_simple_bsp/microblaze_0/include -mlittle-endian -mcpu=v10.0 -mxl-soft-mul -Wl,--no-relax -ffunction-sections -fdata-sections -MMD -MP -MF"src/helloworld.d" -MT"src/helloworld.o" -o "src/helloworld.o" "../src/helloworld.c"
../src/helloworld.c: In function 'print_bt':
../src/helloworld.c:78:2: warning: value computed is not used [-Wunused-value]
  *ptr++;
  ^~~~~~
../src/helloworld.c: In function 'main':
../src/helloworld.c:102:17: error: void value not ignored as it ought to be
       user_byte = XUartLite_SendByte(BT_BASEADDRESS, user_byte);
                 ^
../src/helloworld.c:96:9: warning: variable 'current_gesture' set but not used [-Wunused-but-set-variable]
     int current_gesture = 0;
         ^~~~~~~~~~~~~~~
make: *** [src/helloworld.o] Error 1
19:44:18 **** Auto Build of configuration Debug for project mb_simple ****
make all 
Building file: ../src/helloworld.c
Invoking: MicroBlaze gcc compiler
mb-gcc -Wall -O0 -g3 -c -fmessage-length=0 -MT"src/helloworld.o" -I../../mb_simple_bsp/microblaze_0/include -mlittle-endian -mcpu=v10.0 -mxl-soft-mul -Wl,--no-relax -ffunction-sections -fdata-sections -MMD -MP -MF"src/helloworld.d" -MT"src/helloworld.o" -o "src/helloworld.o" "../src/helloworld.c"
../src/helloworld.c: In function 'print_bt':
../src/helloworld.c:78:2: warning: value computed is not used [-Wunused-value]
  *ptr++;
  ^~~~~~
Finished building: ../src/helloworld.c
 
Building target: mb_simple.elf
Invoking: MicroBlaze gcc linker
mb-gcc -Wl,-T -Wl,../src/lscript.ld -L../../mb_simple_bsp/microblaze_0/lib -mlittle-endian -mcpu=v10.0 -mxl-soft-mul -Wl,--no-relax -Wl,--gc-sections -o "mb_simple.elf"  ./src/helloworld.o ./src/platform.o   -Wl,--start-group,-lxil,-lgcc,-lc,--end-group
Finished building target: mb_simple.elf
 
Invoking: MicroBlaze Print Size
mb-size mb_simple.elf  |tee "mb_simple.elf.size"
   text	   data	    bss	    dec	    hex	filename
   3540	    320	   3108	   6968	   1b38	mb_simple.elf
Finished building: mb_simple.elf.size
 
19:44:34 **** Auto Build of configuration Debug for project mb_simple ****
make all 
Building file: ../src/helloworld.c
Invoking: MicroBlaze gcc compiler
mb-gcc -Wall -O0 -g3 -c -fmessage-length=0 -MT"src/helloworld.o" -I../../mb_simple_bsp/microblaze_0/include -mlittle-endian -mcpu=v10.0 -mxl-soft-mul -Wl,--no-relax -ffunction-sections -fdata-sections -MMD -MP -MF"src/helloworld.d" -MT"src/helloworld.o" -o "src/helloworld.o" "../src/helloworld.c"
../src/helloworld.c: In function 'print_bt':
../src/helloworld.c:78:2: warning: value computed is not used [-Wunused-value]
  *ptr++;
  ^~~~~~
../src/helloworld.c: In function 'main':
../src/helloworld.c:95:10: warning: unused variable 'user_byte' [-Wunused-variable]
     char user_byte = 0;
          ^~~~~~~~~
Finished building: ../src/helloworld.c
 
Building target: mb_simple.elf
Invoking: MicroBlaze gcc linker
mb-gcc -Wl,-T -Wl,../src/lscript.ld -L../../mb_simple_bsp/microblaze_0/lib -mlittle-endian -mcpu=v10.0 -mxl-soft-mul -Wl,--no-relax -Wl,--gc-sections -o "mb_simple.elf"  ./src/helloworld.o ./src/platform.o   -Wl,--start-group,-lxil,-lgcc,-lc,--end-group
Finished building target: mb_simple.elf
 
Invoking: MicroBlaze Print Size
mb-size mb_simple.elf  |tee "mb_simple.elf.size"
   text	   data	    bss	    dec	    hex	filename
   3328	    320	   3104	   6752	   1a60	mb_simple.elf
Finished building: mb_simple.elf.size
 
19:44:44 **** Incremental Build of configuration Debug for project mb_simple ****
make all 
make: Nothing to be done for `all'.
19:46:46 **** Auto Build of configuration Debug for project mb_simple ****
make all 
Building file: ../src/helloworld.c
Invoking: MicroBlaze gcc compiler
mb-gcc -Wall -O0 -g3 -c -fmessage-length=0 -MT"src/helloworld.o" -I../../mb_simple_bsp/microblaze_0/include -mlittle-endian -mcpu=v10.0 -mxl-soft-mul -Wl,--no-relax -ffunction-sections -fdata-sections -MMD -MP -MF"src/helloworld.d" -MT"src/helloworld.o" -o "src/helloworld.o" "../src/helloworld.c"
../src/helloworld.c: In function 'print_bt':
../src/helloworld.c:78:2: warning: value computed is not used [-Wunused-value]
  *ptr++;
  ^~~~~~
Finished building: ../src/helloworld.c
 
Building target: mb_simple.elf
Invoking: MicroBlaze gcc linker
mb-gcc -Wl,-T -Wl,../src/lscript.ld -L../../mb_simple_bsp/microblaze_0/lib -mlittle-endian -mcpu=v10.0 -mxl-soft-mul -Wl,--no-relax -Wl,--gc-sections -o "mb_simple.elf"  ./src/helloworld.o ./src/platform.o   -Wl,--start-group,-lxil,-lgcc,-lc,--end-group
Finished building target: mb_simple.elf
 
Invoking: MicroBlaze Print Size
mb-size mb_simple.elf  |tee "mb_simple.elf.size"
   text	   data	    bss	    dec	    hex	filename
   6924	    324	   3112	  10360	   2878	mb_simple.elf
Finished building: mb_simple.elf.size
 
19:46:53 **** Incremental Build of configuration Debug for project mb_simple ****
make all 
make: Nothing to be done for `all'.
19:47:55 **** Auto Build of configuration Debug for project mb_simple ****
make all 
Building file: ../src/helloworld.c
Invoking: MicroBlaze gcc compiler
mb-gcc -Wall -O0 -g3 -c -fmessage-length=0 -MT"src/helloworld.o" -I../../mb_simple_bsp/microblaze_0/include -mlittle-endian -mcpu=v10.0 -mxl-soft-mul -Wl,--no-relax -ffunction-sections -fdata-sections -MMD -MP -MF"src/helloworld.d" -MT"src/helloworld.o" -o "src/helloworld.o" "../src/helloworld.c"
../src/helloworld.c: In function 'print_bt':
../src/helloworld.c:78:2: warning: value computed is not used [-Wunused-value]
  *ptr++;
  ^~~~~~
../src/helloworld.c: In function 'main':
../src/helloworld.c:96:10: warning: variable 'current_gesture' set but not used [-Wunused-but-set-variable]
     char current_gesture = 0;
          ^~~~~~~~~~~~~~~
Finished building: ../src/helloworld.c
 
Building target: mb_simple.elf
Invoking: MicroBlaze gcc linker
mb-gcc -Wl,-T -Wl,../src/lscript.ld -L../../mb_simple_bsp/microblaze_0/lib -mlittle-endian -mcpu=v10.0 -mxl-soft-mul -Wl,--no-relax -Wl,--gc-sections -o "mb_simple.elf"  ./src/helloworld.o ./src/platform.o   -Wl,--start-group,-lxil,-lgcc,-lc,--end-group
Finished building target: mb_simple.elf
 
Invoking: MicroBlaze Print Size
mb-size mb_simple.elf  |tee "mb_simple.elf.size"
   text	   data	    bss	    dec	    hex	filename
   6920	    324	   3108	  10352	   2870	mb_simple.elf
Finished building: mb_simple.elf.size
 
19:48:08 **** Auto Build of configuration Debug for project mb_simple ****
make all 
Building file: ../src/helloworld.c
Invoking: MicroBlaze gcc compiler
mb-gcc -Wall -O0 -g3 -c -fmessage-length=0 -MT"src/helloworld.o" -I../../mb_simple_bsp/microblaze_0/include -mlittle-endian -mcpu=v10.0 -mxl-soft-mul -Wl,--no-relax -ffunction-sections -fdata-sections -MMD -MP -MF"src/helloworld.d" -MT"src/helloworld.o" -o "src/helloworld.o" "../src/helloworld.c"
../src/helloworld.c: In function 'print_bt':
../src/helloworld.c:78:2: warning: value computed is not used [-Wunused-value]
  *ptr++;
  ^~~~~~
../src/helloworld.c: In function 'main':
../src/helloworld.c:96:10: warning: variable 'current_gesture' set but not used [-Wunused-but-set-variable]
     char current_gesture = 0;
          ^~~~~~~~~~~~~~~
../src/helloworld.c:95:10: warning: unused variable 'user_byte' [-Wunused-variable]
     char user_byte = 0;
          ^~~~~~~~~
Finished building: ../src/helloworld.c
 
Building target: mb_simple.elf
Invoking: MicroBlaze gcc linker
mb-gcc -Wl,-T -Wl,../src/lscript.ld -L../../mb_simple_bsp/microblaze_0/lib -mlittle-endian -mcpu=v10.0 -mxl-soft-mul -Wl,--no-relax -Wl,--gc-sections -o "mb_simple.elf"  ./src/helloworld.o ./src/platform.o   -Wl,--start-group,-lxil,-lgcc,-lc,--end-group
Finished building target: mb_simple.elf
 
Invoking: MicroBlaze Print Size
mb-size mb_simple.elf  |tee "mb_simple.elf.size"
   text	   data	    bss	    dec	    hex	filename
   3324	    320	   3108	   6752	   1a60	mb_simple.elf
Finished building: mb_simple.elf.size
 
19:48:12 **** Incremental Build of configuration Debug for project mb_simple ****
make all 
make: Nothing to be done for `all'.
19:49:03 **** Auto Build of configuration Debug for project mb_simple ****
make all 
Building file: ../src/helloworld.c
Invoking: MicroBlaze gcc compiler
mb-gcc -Wall -O0 -g3 -c -fmessage-length=0 -MT"src/helloworld.o" -I../../mb_simple_bsp/microblaze_0/include -mlittle-endian -mcpu=v10.0 -mxl-soft-mul -Wl,--no-relax -ffunction-sections -fdata-sections -MMD -MP -MF"src/helloworld.d" -MT"src/helloworld.o" -o "src/helloworld.o" "../src/helloworld.c"
../src/helloworld.c: In function 'print_bt':
../src/helloworld.c:78:2: warning: value computed is not used [-Wunused-value]
  *ptr++;
  ^~~~~~
../src/helloworld.c: In function 'main':
../src/helloworld.c:96:10: warning: variable 'current_gesture' set but not used [-Wunused-but-set-variable]
     char current_gesture = 0;
          ^~~~~~~~~~~~~~~
../src/helloworld.c:95:10: warning: unused variable 'user_byte' [-Wunused-variable]
     char user_byte = 0;
          ^~~~~~~~~
Finished building: ../src/helloworld.c
 
Building target: mb_simple.elf
Invoking: MicroBlaze gcc linker
mb-gcc -Wl,-T -Wl,../src/lscript.ld -L../../mb_simple_bsp/microblaze_0/lib -mlittle-endian -mcpu=v10.0 -mxl-soft-mul -Wl,--no-relax -Wl,--gc-sections -o "mb_simple.elf"  ./src/helloworld.o ./src/platform.o   -Wl,--start-group,-lxil,-lgcc,-lc,--end-group
Finished building target: mb_simple.elf
 
Invoking: MicroBlaze Print Size
mb-size mb_simple.elf  |tee "mb_simple.elf.size"
   text	   data	    bss	    dec	    hex	filename
   3264	    320	   3104	   6688	   1a20	mb_simple.elf
Finished building: mb_simple.elf.size
 
19:50:42 **** Auto Build of configuration Debug for project mb_simple ****
make all 
Building file: ../src/helloworld.c
Invoking: MicroBlaze gcc compiler
mb-gcc -Wall -O0 -g3 -c -fmessage-length=0 -MT"src/helloworld.o" -I../../mb_simple_bsp/microblaze_0/include -mlittle-endian -mcpu=v10.0 -mxl-soft-mul -Wl,--no-relax -ffunction-sections -fdata-sections -MMD -MP -MF"src/helloworld.d" -MT"src/helloworld.o" -o "src/helloworld.o" "../src/helloworld.c"
../src/helloworld.c: In function 'print_bt':
../src/helloworld.c:78:2: warning: value computed is not used [-Wunused-value]
  *ptr++;
  ^~~~~~
../src/helloworld.c: In function 'main':
../src/helloworld.c:107:9: warning: unused variable 'output' [-Wunused-variable]
    char output[] = "Direction: UP";
         ^~~~~~
../src/helloworld.c:112:9: warning: unused variable 'output' [-Wunused-variable]
    char output[] = "Direction: ROTATE RIGHT";
         ^~~~~~
../src/helloworld.c:117:9: warning: unused variable 'output' [-Wunused-variable]
    char output[] = "Direction: RIGHT";
         ^~~~~~
../src/helloworld.c:96:10: warning: variable 'current_gesture' set but not used [-Wunused-but-set-variable]
     char current_gesture = 0;
          ^~~~~~~~~~~~~~~
../src/helloworld.c:95:10: warning: unused variable 'user_byte' [-Wunused-variable]
     char user_byte = 0;
          ^~~~~~~~~
Finished building: ../src/helloworld.c
 
Building target: mb_simple.elf
Invoking: MicroBlaze gcc linker
mb-gcc -Wl,-T -Wl,../src/lscript.ld -L../../mb_simple_bsp/microblaze_0/lib -mlittle-endian -mcpu=v10.0 -mxl-soft-mul -Wl,--no-relax -Wl,--gc-sections -o "mb_simple.elf"  ./src/helloworld.o ./src/platform.o   -Wl,--start-group,-lxil,-lgcc,-lc,--end-group
Finished building target: mb_simple.elf
 
Invoking: MicroBlaze Print Size
mb-size mb_simple.elf  |tee "mb_simple.elf.size"
   text	   data	    bss	    dec	    hex	filename
   3504	    320	   3104	   6928	   1b10	mb_simple.elf
Finished building: mb_simple.elf.size
 
19:53:42 **** Auto Build of configuration Debug for project mb_simple ****
make all 
Building file: ../src/helloworld.c
Invoking: MicroBlaze gcc compiler
mb-gcc -Wall -O0 -g3 -c -fmessage-length=0 -MT"src/helloworld.o" -I../../mb_simple_bsp/microblaze_0/include -mlittle-endian -mcpu=v10.0 -mxl-soft-mul -Wl,--no-relax -ffunction-sections -fdata-sections -MMD -MP -MF"src/helloworld.d" -MT"src/helloworld.o" -o "src/helloworld.o" "../src/helloworld.c"
../src/helloworld.c: In function 'print_bt':
../src/helloworld.c:78:2: warning: value computed is not used [-Wunused-value]
  *ptr++;
  ^~~~~~
../src/helloworld.c: In function 'main':
../src/helloworld.c:96:10: warning: variable 'current_gesture' set but not used [-Wunused-but-set-variable]
     char current_gesture = 0;
          ^~~~~~~~~~~~~~~
../src/helloworld.c:95:10: warning: unused variable 'user_byte' [-Wunused-variable]
     char user_byte = 0;
          ^~~~~~~~~
Finished building: ../src/helloworld.c
 
Building target: mb_simple.elf
Invoking: MicroBlaze gcc linker
mb-gcc -Wl,-T -Wl,../src/lscript.ld -L../../mb_simple_bsp/microblaze_0/lib -mlittle-endian -mcpu=v10.0 -mxl-soft-mul -Wl,--no-relax -Wl,--gc-sections -o "mb_simple.elf"  ./src/helloworld.o ./src/platform.o   -Wl,--start-group,-lxil,-lgcc,-lc,--end-group
Finished building target: mb_simple.elf
 
Invoking: MicroBlaze Print Size
mb-size mb_simple.elf  |tee "mb_simple.elf.size"
   text	   data	    bss	    dec	    hex	filename
   4164	    320	   3108	   7592	   1da8	mb_simple.elf
Finished building: mb_simple.elf.size
 
19:53:48 **** Incremental Build of configuration Debug for project mb_simple ****
make all 
make: Nothing to be done for `all'.
19:54:27 **** Incremental Build of configuration Debug for project mb_simple ****
make all 
make: Nothing to be done for `all'.
19:57:55 **** Auto Build of configuration Debug for project mb_simple ****
make all 
Building file: ../src/helloworld.c
Invoking: MicroBlaze gcc compiler
mb-gcc -Wall -O0 -g3 -c -fmessage-length=0 -MT"src/helloworld.o" -I../../mb_simple_bsp/microblaze_0/include -mlittle-endian -mcpu=v10.0 -mxl-soft-mul -Wl,--no-relax -ffunction-sections -fdata-sections -MMD -MP -MF"src/helloworld.d" -MT"src/helloworld.o" -o "src/helloworld.o" "../src/helloworld.c"
../src/helloworld.c: In function 'print_bt':
../src/helloworld.c:78:2: warning: value computed is not used [-Wunused-value]
  *ptr++;
  ^~~~~~
../src/helloworld.c: In function 'main':
../src/helloworld.c:96:10: warning: variable 'current_gesture' set but not used [-Wunused-but-set-variable]
     char current_gesture = 0;
          ^~~~~~~~~~~~~~~
../src/helloworld.c:95:10: warning: unused variable 'user_byte' [-Wunused-variable]
     char user_byte = 0;
          ^~~~~~~~~
Finished building: ../src/helloworld.c
 
Building target: mb_simple.elf
Invoking: MicroBlaze gcc linker
mb-gcc -Wl,-T -Wl,../src/lscript.ld -L../../mb_simple_bsp/microblaze_0/lib -mlittle-endian -mcpu=v10.0 -mxl-soft-mul -Wl,--no-relax -Wl,--gc-sections -o "mb_simple.elf"  ./src/helloworld.o ./src/platform.o   -Wl,--start-group,-lxil,-lgcc,-lc,--end-group
Finished building target: mb_simple.elf
 
Invoking: MicroBlaze Print Size
mb-size mb_simple.elf  |tee "mb_simple.elf.size"
   text	   data	    bss	    dec	    hex	filename
   4308	    320	   3108	   7736	   1e38	mb_simple.elf
Finished building: mb_simple.elf.size
 
19:57:59 **** Incremental Build of configuration Debug for project mb_simple ****
make all 
make: Nothing to be done for `all'.
20:03:30 **** Incremental Build of configuration Debug for project mb_simple ****
make all 
Building file: ../src/helloworld.c
Invoking: MicroBlaze gcc compiler
mb-gcc -Wall -O0 -g3 -c -fmessage-length=0 -MT"src/helloworld.o" -I../../mb_simple_bsp/microblaze_0/include -mlittle-endian -mcpu=v10.0 -mxl-soft-mul -Wl,--no-relax -ffunction-sections -fdata-sections -MMD -MP -MF"src/helloworld.d" -MT"src/helloworld.o" -o "src/helloworld.o" "../src/helloworld.c"
../src/helloworld.c: In function 'print_bt':
../src/helloworld.c:78:2: warning: value computed is not used [-Wunused-value]
  *ptr++;
  ^~~~~~
../src/helloworld.c: In function 'main':
../src/helloworld.c:96:10: warning: variable 'current_gesture' set but not used [-Wunused-but-set-variable]
     char current_gesture = 0;
          ^~~~~~~~~~~~~~~
../src/helloworld.c:95:10: warning: unused variable 'user_byte' [-Wunused-variable]
     char user_byte = 0;
          ^~~~~~~~~
Finished building: ../src/helloworld.c
 
Building target: mb_simple.elf
Invoking: MicroBlaze gcc linker
mb-gcc -Wl,-T -Wl,../src/lscript.ld -L../../mb_simple_bsp/microblaze_0/lib -mlittle-endian -mcpu=v10.0 -mxl-soft-mul -Wl,--no-relax -Wl,--gc-sections -o "mb_simple.elf"  ./src/helloworld.o ./src/platform.o   -Wl,--start-group,-lxil,-lgcc,-lc,--end-group
Finished building target: mb_simple.elf
 
Invoking: MicroBlaze Print Size
mb-size mb_simple.elf  |tee "mb_simple.elf.size"
   text	   data	    bss	    dec	    hex	filename
   4308	    320	   3108	   7736	   1e38	mb_simple.elf
Finished building: mb_simple.elf.size
 
